Archive member included to satisfy reference by file (symbol)

/usr/lib/gcc/arm-none-eabi/10.3.1/thumb/v7e-m/nofp/libgcc.a(_arm_muldf3.o)
                              CMakeFiles/STM32_TFT.elf.dir/third_party/hagl/src/hsl.c.obj (__aeabi_dmul)
/usr/lib/gcc/arm-none-eabi/10.3.1/thumb/v7e-m/nofp/libgcc.a(_arm_mulsf3.o)
                              CMakeFiles/STM32_TFT.elf.dir/third_party/hagl/src/hagl_polygon.c.obj (__aeabi_fmul)
/usr/lib/gcc/arm-none-eabi/10.3.1/thumb/v7e-m/nofp/libgcc.a(_arm_addsubdf3.o)
                              CMakeFiles/STM32_TFT.elf.dir/third_party/hagl/src/hsl.c.obj (__aeabi_dsub)
/usr/lib/gcc/arm-none-eabi/10.3.1/thumb/v7e-m/nofp/libgcc.a(_arm_muldivdf3.o)
                              CMakeFiles/STM32_TFT.elf.dir/third_party/hagl/src/rgb888.c.obj (__aeabi_ddiv)
/usr/lib/gcc/arm-none-eabi/10.3.1/thumb/v7e-m/nofp/libgcc.a(_arm_cmpdf2.o)
                              CMakeFiles/STM32_TFT.elf.dir/third_party/hagl/src/hsl.c.obj (__aeabi_dcmplt)
/usr/lib/gcc/arm-none-eabi/10.3.1/thumb/v7e-m/nofp/libgcc.a(_arm_fixunsdfsi.o)
                              CMakeFiles/STM32_TFT.elf.dir/third_party/hagl/src/hsl.c.obj (__aeabi_d2uiz)
/usr/lib/gcc/arm-none-eabi/10.3.1/thumb/v7e-m/nofp/libgcc.a(_arm_truncdfsf2.o)
                              CMakeFiles/STM32_TFT.elf.dir/third_party/hagl/src/hsl.c.obj (__aeabi_d2f)
/usr/lib/gcc/arm-none-eabi/10.3.1/thumb/v7e-m/nofp/libgcc.a(_arm_addsubsf3.o)
                              CMakeFiles/STM32_TFT.elf.dir/third_party/hagl/src/hagl_polygon.c.obj (__aeabi_fsub)
/usr/lib/gcc/arm-none-eabi/10.3.1/thumb/v7e-m/nofp/libgcc.a(_arm_muldivsf3.o)
                              CMakeFiles/STM32_TFT.elf.dir/third_party/hagl/src/hagl_polygon.c.obj (__aeabi_fdiv)
/usr/lib/gcc/arm-none-eabi/10.3.1/thumb/v7e-m/nofp/libgcc.a(_arm_cmpsf2.o)
                              CMakeFiles/STM32_TFT.elf.dir/third_party/hagl/src/hsl.c.obj (__aeabi_fcmpeq)
/usr/lib/gcc/arm-none-eabi/10.3.1/thumb/v7e-m/nofp/libgcc.a(_arm_fixsfsi.o)
                              CMakeFiles/STM32_TFT.elf.dir/third_party/hagl/src/hagl_polygon.c.obj (__aeabi_f2iz)
/usr/lib/gcc/arm-none-eabi/10.3.1/thumb/v7e-m/nofp/libgcc.a(_aeabi_uldivmod.o)
                              CMakeFiles/STM32_TFT.elf.dir/Drivers/STM32F4xx_HAL_Driver/Src/stm32f4xx_hal_rcc.c.obj (__aeabi_uldivmod)
/usr/lib/gcc/arm-none-eabi/10.3.1/thumb/v7e-m/nofp/libgcc.a(_udivmoddi4.o)
                              /usr/lib/gcc/arm-none-eabi/10.3.1/thumb/v7e-m/nofp/libgcc.a(_aeabi_uldivmod.o) (__udivmoddi4)
/usr/lib/gcc/arm-none-eabi/10.3.1/thumb/v7e-m/nofp/libgcc.a(_dvmd_tls.o)
                              /usr/lib/gcc/arm-none-eabi/10.3.1/thumb/v7e-m/nofp/libgcc.a(_aeabi_uldivmod.o) (__aeabi_ldiv0)
/usr/lib/gcc/arm-none-eabi/10.3.1/../../../arm-none-eabi/lib/thumb/v7e-m/nofp/libg.a(lib_a-atexit.o)
                              /usr/lib/gcc/arm-none-eabi/10.3.1/../../../arm-none-eabi/lib/thumb/v7e-m/nofp/crt0.o (atexit)
/usr/lib/gcc/arm-none-eabi/10.3.1/../../../arm-none-eabi/lib/thumb/v7e-m/nofp/libg.a(lib_a-calloc.o)
                              CMakeFiles/STM32_TFT.elf.dir/third_party/hagl/src/hagl_char.c.obj (calloc)
/usr/lib/gcc/arm-none-eabi/10.3.1/../../../arm-none-eabi/lib/thumb/v7e-m/nofp/libg.a(lib_a-callocr.o)
                              /usr/lib/gcc/arm-none-eabi/10.3.1/../../../arm-none-eabi/lib/thumb/v7e-m/nofp/libg.a(lib_a-calloc.o) (_calloc_r)
/usr/lib/gcc/arm-none-eabi/10.3.1/../../../arm-none-eabi/lib/thumb/v7e-m/nofp/libg.a(lib_a-errno.o)
                              CMakeFiles/STM32_TFT.elf.dir/Core/Src/syscalls.c.obj (__errno)
/usr/lib/gcc/arm-none-eabi/10.3.1/../../../arm-none-eabi/lib/thumb/v7e-m/nofp/libg.a(lib_a-exit.o)
                              /usr/lib/gcc/arm-none-eabi/10.3.1/../../../arm-none-eabi/lib/thumb/v7e-m/nofp/crt0.o (exit)
/usr/lib/gcc/arm-none-eabi/10.3.1/../../../arm-none-eabi/lib/thumb/v7e-m/nofp/libg.a(lib_a-fclose.o)
                              CMakeFiles/STM32_TFT.elf.dir/third_party/hagl/src/hagl_image.c.obj (fclose)
/usr/lib/gcc/arm-none-eabi/10.3.1/../../../arm-none-eabi/lib/thumb/v7e-m/nofp/libg.a(lib_a-fflush.o)
                              /usr/lib/gcc/arm-none-eabi/10.3.1/../../../arm-none-eabi/lib/thumb/v7e-m/nofp/libg.a(lib_a-fclose.o) (__sflush_r)
/usr/lib/gcc/arm-none-eabi/10.3.1/../../../arm-none-eabi/lib/thumb/v7e-m/nofp/libg.a(lib_a-findfp.o)
                              /usr/lib/gcc/arm-none-eabi/10.3.1/../../../arm-none-eabi/lib/thumb/v7e-m/nofp/libg.a(lib_a-fclose.o) (__sinit)
/usr/lib/gcc/arm-none-eabi/10.3.1/../../../arm-none-eabi/lib/thumb/v7e-m/nofp/libg.a(lib_a-fini.o)
                              /usr/lib/gcc/arm-none-eabi/10.3.1/../../../arm-none-eabi/lib/thumb/v7e-m/nofp/crt0.o (__libc_fini_array)
/usr/lib/gcc/arm-none-eabi/10.3.1/../../../arm-none-eabi/lib/thumb/v7e-m/nofp/libg.a(lib_a-fopen.o)
                              CMakeFiles/STM32_TFT.elf.dir/third_party/hagl/src/hagl_image.c.obj (fopen)
[...]
Memory Configuration

Name             Origin             Length             Attributes
RAM              0x0000000020000000 0x0000000000018000 xrw
FLASH            0x0000000008000000 0x0000000000080000 xr
*default*        0x0000000000000000 0xffffffffffffffff

Linker script and memory map

LOAD /usr/lib/gcc/arm-none-eabi/10.3.1/thumb/v7e-m/nofp/crti.o
LOAD /usr/lib/gcc/arm-none-eabi/10.3.1/thumb/v7e-m/nofp/crtbegin.o
LOAD /usr/lib/gcc/arm-none-eabi/10.3.1/../../../arm-none-eabi/lib/thumb/v7e-m/nofp/crt0.o
LOAD CMakeFiles/STM32_TFT.elf.dir/Core/Src/dma.c.obj
LOAD CMakeFiles/STM32_TFT.elf.dir/Core/Src/gpio.c.obj
LOAD CMakeFiles/STM32_TFT.elf.dir/Core/Src/main.c.obj
LOAD CMakeFiles/STM32_TFT.elf.dir/Core/Src/spi.c.obj
LOAD CMakeFiles/STM32_TFT.elf.dir/Core/Src/stm32f4xx_hal_msp.c.obj
LOAD CMakeFiles/STM32_TFT.elf.dir/Core/Src/stm32f4xx_it.c.obj
LOAD CMakeFiles/STM32_TFT.elf.dir/Core/Src/syscalls.c.obj
LOAD CMakeFiles/STM32_TFT.elf.dir/Core/Src/sysmem.c.obj
LOAD CMakeFiles/STM32_TFT.elf.dir/Core/Src/system_stm32f4xx.c.obj
LOAD CMakeFiles/STM32_TFT.elf.dir/Core/Src/usart.c.obj
LOAD CMakeFiles/STM32_TFT.elf.dir/Core/Startup/startup_stm32f401retx.s.obj
LOAD CMakeFiles/STM32_TFT.elf.dir/Drivers/STM32F4xx_HAL_Driver/Src/stm32f4xx_hal.c.obj
LOAD CMakeFiles/STM32_TFT.elf.dir/Drivers/STM32F4xx_HAL_Driver/Src/stm32f4xx_hal_cortex.c.obj
LOAD CMakeFiles/STM32_TFT.elf.dir/Drivers/STM32F4xx_HAL_Driver/Src/stm32f4xx_hal_dma.c.obj
LOAD CMakeFiles/STM32_TFT.elf.dir/Drivers/STM32F4xx_HAL_Driver/Src/stm32f4xx_hal_dma_ex.c.obj
LOAD CMakeFiles/STM32_TFT.elf.dir/Drivers/STM32F4xx_HAL_Driver/Src/stm32f4xx_hal_exti.c.obj
LOAD CMakeFiles/STM32_TFT.elf.dir/Drivers/STM32F4xx_HAL_Driver/Src/stm32f4xx_hal_flash.c.obj
LOAD CMakeFiles/STM32_TFT.elf.dir/Drivers/STM32F4xx_HAL_Driver/Src/stm32f4xx_hal_flash_ex.c.obj
LOAD CMakeFiles/STM32_TFT.elf.dir/Drivers/STM32F4xx_HAL_Driver/Src/stm32f4xx_hal_flash_ramfunc.c.obj
LOAD CMakeFiles/STM32_TFT.elf.dir/Drivers/STM32F4xx_HAL_Driver/Src/stm32f4xx_hal_gpio.c.obj
LOAD CMakeFiles/STM32_TFT.elf.dir/Drivers/STM32F4xx_HAL_Driver/Src/stm32f4xx_hal_pwr.c.obj
LOAD CMakeFiles/STM32_TFT.elf.dir/Drivers/STM32F4xx_HAL_Driver/Src/stm32f4xx_hal_pwr_ex.c.obj
LOAD CMakeFiles/STM32_TFT.elf.dir/Drivers/STM32F4xx_HAL_Driver/Src/stm32f4xx_hal_rcc.c.obj
LOAD CMakeFiles/STM32_TFT.elf.dir/Drivers/STM32F4xx_HAL_Driver/Src/stm32f4xx_hal_rcc_ex.c.obj
LOAD CMakeFiles/STM32_TFT.elf.dir/Drivers/STM32F4xx_HAL_Driver/Src/stm32f4xx_hal_spi.c.obj
LOAD CMakeFiles/STM32_TFT.elf.dir/Drivers/STM32F4xx_HAL_Driver/Src/stm32f4xx_hal_tim.c.obj
LOAD CMakeFiles/STM32_TFT.elf.dir/Drivers/STM32F4xx_HAL_Driver/Src/stm32f4xx_hal_tim_ex.c.obj
LOAD CMakeFiles/STM32_TFT.elf.dir/Drivers/STM32F4xx_HAL_Driver/Src/stm32f4xx_hal_uart.c.obj
LOAD CMakeFiles/STM32_TFT.elf.dir/tft_lcd/src/hagl_hal.c.obj
LOAD CMakeFiles/STM32_TFT.elf.dir/tft_lcd/src/lcd.c.obj
LOAD CMakeFiles/STM32_TFT.elf.dir/tft_lcd/src/logo.c.obj
LOAD CMakeFiles/STM32_TFT.elf.dir/third_party/hagl/src/fontx.c.obj
LOAD CMakeFiles/STM32_TFT.elf.dir/third_party/hagl/src/hagl.c.obj
LOAD CMakeFiles/STM32_TFT.elf.dir/third_party/hagl/src/hagl_bitmap.c.obj
LOAD CMakeFiles/STM32_TFT.elf.dir/third_party/hagl/src/hagl_blit.c.obj
LOAD CMakeFiles/STM32_TFT.elf.dir/third_party/hagl/src/hagl_char.c.obj
LOAD CMakeFiles/STM32_TFT.elf.dir/third_party/hagl/src/hagl_circle.c.obj
LOAD CMakeFiles/STM32_TFT.elf.dir/third_party/hagl/src/hagl_clip.c.obj
LOAD CMakeFiles/STM32_TFT.elf.dir/third_party/hagl/src/hagl_color.c.obj
LOAD CMakeFiles/STM32_TFT.elf.dir/third_party/hagl/src/hagl_ellipse.c.obj
LOAD CMakeFiles/STM32_TFT.elf.dir/third_party/hagl/src/hagl_hline.c.obj
LOAD CMakeFiles/STM32_TFT.elf.dir/third_party/hagl/src/hagl_image.c.obj
LOAD CMakeFiles/STM32_TFT.elf.dir/third_party/hagl/src/hagl_line.c.obj
LOAD CMakeFiles/STM32_TFT.elf.dir/third_party/hagl/src/hagl_pixel.c.obj
LOAD CMakeFiles/STM32_TFT.elf.dir/third_party/hagl/src/hagl_polygon.c.obj
LOAD CMakeFiles/STM32_TFT.elf.dir/third_party/hagl/src/hagl_rectangle.c.obj
LOAD CMakeFiles/STM32_TFT.elf.dir/third_party/hagl/src/hagl_triangle.c.obj
LOAD CMakeFiles/STM32_TFT.elf.dir/third_party/hagl/src/hagl_vline.c.obj
LOAD CMakeFiles/STM32_TFT.elf.dir/third_party/hagl/src/hsl.c.obj
LOAD CMakeFiles/STM32_TFT.elf.dir/third_party/hagl/src/rgb565.c.obj
LOAD CMakeFiles/STM32_TFT.elf.dir/third_party/hagl/src/rgb888.c.obj
LOAD CMakeFiles/STM32_TFT.elf.dir/third_party/hagl/src/tjpgd.c.obj
START GROUP
LOAD /usr/lib/gcc/arm-none-eabi/10.3.1/thumb/v7e-m/nofp/libgcc.a
LOAD /usr/lib/gcc/arm-none-eabi/10.3.1/../../../arm-none-eabi/lib/thumb/v7e-m/nofp/libg.a
LOAD /usr/lib/gcc/arm-none-eabi/10.3.1/../../../arm-none-eabi/lib/thumb/v7e-m/nofp/libc.a
END GROUP
LOAD /usr/lib/gcc/arm-none-eabi/10.3.1/thumb/v7e-m/nofp/crtend.o
LOAD /usr/lib/gcc/arm-none-eabi/10.3.1/thumb/v7e-m/nofp/crtn.o
                0x0000000020018000                _estack = (ORIGIN (RAM) + LENGTH (RAM))
                0x0000000000000200                _Min_Heap_Size = 0x200
                0x0000000000002000                _Min_Stack_Size = 0x2000

.isr_vector     0x0000000008000000      0x194
                0x0000000008000000                . = ALIGN (0x4)
 *(.isr_vector)
 .isr_vector    0x0000000008000000      0x194 CMakeFiles/STM32_TFT.elf.dir/Core/Startup/startup_stm32f401retx.s.obj
                0x0000000008000000                g_pfnVectors
                0x0000000008000194                . = ALIGN (0x4)

.text           0x0000000008000194     0x35e4
                0x0000000008000194                . = ALIGN (0x4)
 *(.text)
 .text          0x0000000008000194       0x88 /usr/lib/gcc/arm-none-eabi/10.3.1/thumb/v7e-m/nofp/crtbegin.o
 .text          0x000000000800021c       0x30 /usr/lib/gcc/arm-none-eabi/10.3.1/thumb/v7e-m/nofp/libgcc.a(_aeabi_uldivmod.o)
                0x000000000800021c                __aeabi_uldivmod
 .text          0x000000000800024c      0x2d0 /usr/lib/gcc/arm-none-eabi/10.3.1/thumb/v7e-m/nofp/libgcc.a(_udivmoddi4.o)
                0x000000000800024c                __udivmoddi4
 .text          0x000000000800051c        0x4 /usr/lib/gcc/arm-none-eabi/10.3.1/thumb/v7e-m/nofp/libgcc.a(_dvmd_tls.o)
                0x000000000800051c                __aeabi_ldiv0
                0x000000000800051c                __aeabi_idiv0
 .text          0x0000000008000520        0xc /usr/lib/gcc/arm-none-eabi/10.3.1/../../../arm-none-eabi/lib/thumb/v7e-m/nofp/libg.a(lib_a-atexit.o)
                0x0000000008000520                atexit
 .text          0x000000000800052c       0x18 /usr/lib/gcc/arm-none-eabi/10.3.1/../../../arm-none-eabi/lib/thumb/v7e-m/nofp/libg.a(lib_a-calloc.o)
                0x000000000800052c                calloc
 .text          0x0000000008000544       0x60 /usr/lib/gcc/arm-none-eabi/10.3.1/../../../arm-none-eabi/lib/thumb/v7e-m/nofp/libg.a(lib_a-callocr.o)
                0x0000000008000544                _calloc_r
 .text          0x00000000080005a4        0xc /usr/lib/gcc/arm-none-eabi/10.3.1/../../../arm-none-eabi/lib/thumb/v7e-m/nofp/libg.a(lib_a-errno.o)
                0x00000000080005a4                __errno
 .text          0x00000000080005b0       0x2c /usr/lib/gcc/arm-none-eabi/10.3.1/../../../arm-none-eabi/lib/thumb/v7e-m/nofp/libg.a(lib_a-fini.o)
                0x00000000080005b0                __libc_fini_array
 .text          0x00000000080005dc      0x2ac /usr/lib/gcc/arm-none-eabi/10.3.1/../../../arm-none-eabi/lib/thumb/v7e-m/nofp/libg.a(lib_a-freer.o)
                0x00000000080005dc                _malloc_trim_r
                0x000000000800067c                _free_r
 .text          0x0000000008000888       0x48 /usr/lib/gcc/arm-none-eabi/10.3.1/../../../arm-none-eabi/lib/thumb/v7e-m/nofp/libg.a(lib_a-init.o)
                0x0000000008000888                __libc_init_array
 .text          0x00000000080008d0      0x554 /usr/lib/gcc/arm-none-eabi/10.3.1/../../../arm-none-eabi/lib/thumb/v7e-m/nofp/libg.a(lib_a-mallocr.o)
                0x00000000080008d0                _malloc_r
 .text          0x0000000008000e24       0xa4 /usr/lib/gcc/arm-none-eabi/10.3.1/../../../arm-none-eabi/lib/thumb/v7e-m/nofp/libg.a(lib_a-memset.o)
                0x0000000008000e24                memset
 .text          0x0000000008000ec8        0x8 /usr/lib/gcc/arm-none-eabi/10.3.1/../../../arm-none-eabi/lib/thumb/v7e-m/nofp/libg.a(lib_a-mlock.o)
                0x0000000008000ec8                __malloc_lock
                0x0000000008000ecc                __malloc_unlock
 .text          0x0000000008000ed0       0x24 /usr/lib/gcc/arm-none-eabi/10.3.1/../../../arm-none-eabi/lib/thumb/v7e-m/nofp/libg.a(lib_a-sbrkr.o)
                0x0000000008000ed0                _sbrk_r
 .text          0x0000000008000ef4       0x68 /usr/lib/gcc/arm-none-eabi/10.3.1/../../../arm-none-eabi/lib/thumb/v7e-m/nofp/libg.a(lib_a-__atexit.o)
                0x0000000008000ef4                __register_exitproc
 *(.text*)
 .text.MX_DMA_Init
                0x0000000008000f5c       0x34 CMakeFiles/STM32_TFT.elf.dir/Core/Src/dma.c.obj
                0x0000000008000f5c                MX_DMA_Init
 .text.MX_GPIO_Init
                0x0000000008000f90      0x140 CMakeFiles/STM32_TFT.elf.dir/Core/Src/gpio.c.obj
                0x0000000008000f90                MX_GPIO_Init
 .text.HAL_SPI_TxCpltCallback
                0x00000000080010d0       0x14 CMakeFiles/STM32_TFT.elf.dir/Core/Src/main.c.obj
                0x00000000080010d0                HAL_SPI_TxCpltCallback
 .text.Error_Handler
                0x00000000080010e4        0x4 CMakeFiles/STM32_TFT.elf.dir/Core/Src/main.c.obj
                0x00000000080010e4                Error_Handler
 .text.SystemClock_Config
                0x00000000080010e8       0xa4 CMakeFiles/STM32_TFT.elf.dir/Core/Src/main.c.obj
                0x00000000080010e8                SystemClock_Config
 .text.main     0x000000000800118c      0x11c CMakeFiles/STM32_TFT.elf.dir/Core/Src/main.c.obj
                0x000000000800118c                main
 .text.MX_SPI2_Init
                0x00000000080012a8       0x44 CMakeFiles/STM32_TFT.elf.dir/Core/Src/spi.c.obj
                0x00000000080012a8                MX_SPI2_Init
 .text.HAL_SPI_MspInit
                0x00000000080012ec       0xe0 CMakeFiles/STM32_TFT.elf.dir/Core/Src/spi.c.obj
                0x00000000080012ec                HAL_SPI_MspInit
 .text.HAL_MspInit
                0x00000000080013cc       0x40 CMakeFiles/STM32_TFT.elf.dir/Core/Src/stm32f4xx_hal_msp.c.obj
                0x00000000080013cc                HAL_MspInit
 .text.NMI_Handler
                0x000000000800140c        0x2 CMakeFiles/STM32_TFT.elf.dir/Core/Src/stm32f4xx_it.c.obj
                0x000000000800140c                NMI_Handler
 .text.HardFault_Handler
                0x000000000800140e        0x2 CMakeFiles/STM32_TFT.elf.dir/Core/Src/stm32f4xx_it.c.obj
                0x000000000800140e                HardFault_Handler
 .text.MemManage_Handler
                0x0000000008001410        0x2 CMakeFiles/STM32_TFT.elf.dir/Core/Src/stm32f4xx_it.c.obj
                0x0000000008001410                MemManage_Handler
 .text.BusFault_Handler
                0x0000000008001412        0x2 CMakeFiles/STM32_TFT.elf.dir/Core/Src/stm32f4xx_it.c.obj
                0x0000000008001412                BusFault_Handler
 .text.UsageFault_Handler
                0x0000000008001414        0x2 CMakeFiles/STM32_TFT.elf.dir/Core/Src/stm32f4xx_it.c.obj
                0x0000000008001414                UsageFault_Handler
 .text.SVC_Handler
                0x0000000008001416        0x2 CMakeFiles/STM32_TFT.elf.dir/Core/Src/stm32f4xx_it.c.obj
                0x0000000008001416                SVC_Handler
 .text.DebugMon_Handler
                0x0000000008001418        0x2 CMakeFiles/STM32_TFT.elf.dir/Core/Src/stm32f4xx_it.c.obj
                0x0000000008001418                DebugMon_Handler
 .text.PendSV_Handler
                0x000000000800141a        0x2 CMakeFiles/STM32_TFT.elf.dir/Core/Src/stm32f4xx_it.c.obj
                0x000000000800141a                PendSV_Handler
 .text.SysTick_Handler
                0x000000000800141c        0x8 CMakeFiles/STM32_TFT.elf.dir/Core/Src/stm32f4xx_it.c.obj
                0x000000000800141c                SysTick_Handler
 .text.DMA1_Stream4_IRQHandler
                0x0000000008001424       0x10 CMakeFiles/STM32_TFT.elf.dir/Core/Src/stm32f4xx_it.c.obj
                0x0000000008001424                DMA1_Stream4_IRQHandler
 .text._sbrk    0x0000000008001434       0x48 CMakeFiles/STM32_TFT.elf.dir/Core/Src/sysmem.c.obj
                0x0000000008001434                _sbrk
 .text.SystemInit
                0x000000000800147c        0x2 CMakeFiles/STM32_TFT.elf.dir/Core/Src/system_stm32f4xx.c.obj
                0x000000000800147c                SystemInit
 *fill*         0x000000000800147e        0x2 
 .text.MX_USART2_UART_Init
                0x0000000008001480       0x34 CMakeFiles/STM32_TFT.elf.dir/Core/Src/usart.c.obj
                0x0000000008001480                MX_USART2_UART_Init
 .text.HAL_UART_MspInit
                0x00000000080014b4       0x6c CMakeFiles/STM32_TFT.elf.dir/Core/Src/usart.c.obj
                0x00000000080014b4                HAL_UART_MspInit
 .text.Reset_Handler
                0x0000000008001520       0x50 CMakeFiles/STM32_TFT.elf.dir/Core/Startup/startup_stm32f401retx.s.obj
                0x0000000008001520                Reset_Handler
 .text.Default_Handler
                0x0000000008001570        0x2 CMakeFiles/STM32_TFT.elf.dir/Core/Startup/startup_stm32f401retx.s.obj
                0x0000000008001570                RTC_Alarm_IRQHandler
                0x0000000008001570                EXTI2_IRQHandler
                0x0000000008001570                SPI4_IRQHandler
                0x0000000008001570                TIM1_CC_IRQHandler
                0x0000000008001570                DMA2_Stream5_IRQHandler
                0x0000000008001570                DMA1_Stream5_IRQHandler
                0x0000000008001570                PVD_IRQHandler
                0x0000000008001570                SDIO_IRQHandler
                0x0000000008001570                TAMP_STAMP_IRQHandler
                0x0000000008001570                EXTI3_IRQHandler
                0x0000000008001570                TIM1_UP_TIM10_IRQHandler
                0x0000000008001570                I2C3_ER_IRQHandler
                0x0000000008001570                EXTI0_IRQHandler
                0x0000000008001570                I2C2_EV_IRQHandler
                0x0000000008001570                DMA1_Stream2_IRQHandler
                0x0000000008001570                FPU_IRQHandler
                0x0000000008001570                DMA2_Stream2_IRQHandler
                0x0000000008001570                SPI1_IRQHandler
                0x0000000008001570                TIM1_BRK_TIM9_IRQHandler
                0x0000000008001570                DMA2_Stream3_IRQHandler
                0x0000000008001570                USART6_IRQHandler
                0x0000000008001570                DMA2_Stream0_IRQHandler
                0x0000000008001570                TIM4_IRQHandler
                0x0000000008001570                I2C1_EV_IRQHandler
                0x0000000008001570                DMA1_Stream6_IRQHandler
                0x0000000008001570                DMA1_Stream1_IRQHandler
                0x0000000008001570                TIM3_IRQHandler
                0x0000000008001570                RCC_IRQHandler
                0x0000000008001570                Default_Handler
                0x0000000008001570                EXTI15_10_IRQHandler
                0x0000000008001570                ADC_IRQHandler
                0x0000000008001570                DMA1_Stream7_IRQHandler
                0x0000000008001570                TIM5_IRQHandler
                0x0000000008001570                DMA2_Stream7_IRQHandler
                0x0000000008001570                I2C3_EV_IRQHandler
                0x0000000008001570                EXTI9_5_IRQHandler
                0x0000000008001570                RTC_WKUP_IRQHandler
                0x0000000008001570                SPI2_IRQHandler
                0x0000000008001570                DMA1_Stream0_IRQHandler
                0x0000000008001570                EXTI4_IRQHandler
                0x0000000008001570                WWDG_IRQHandler
                0x0000000008001570                TIM2_IRQHandler
                0x0000000008001570                OTG_FS_WKUP_IRQHandler
                0x0000000008001570                TIM1_TRG_COM_TIM11_IRQHandler
                0x0000000008001570                EXTI1_IRQHandler
                0x0000000008001570                USART2_IRQHandler
                0x0000000008001570                I2C2_ER_IRQHandler
                0x0000000008001570                DMA2_Stream1_IRQHandler
                0x0000000008001570                FLASH_IRQHandler
                0x0000000008001570                DMA2_Stream4_IRQHandler
                0x0000000008001570                USART1_IRQHandler
                0x0000000008001570                OTG_FS_IRQHandler
                0x0000000008001570                SPI3_IRQHandler
                0x0000000008001570                I2C1_ER_IRQHandler
                0x0000000008001570                DMA2_Stream6_IRQHandler
                0x0000000008001570                DMA1_Stream3_IRQHandler
 *fill*         0x0000000008001572        0x2 
 .text.HAL_InitTick
                0x0000000008001574       0x4c CMakeFiles/STM32_TFT.elf.dir/Drivers/STM32F4xx_HAL_Driver/Src/stm32f4xx_hal.c.obj
                0x0000000008001574                HAL_InitTick
 .text.HAL_Init
                0x00000000080015c0       0x34 CMakeFiles/STM32_TFT.elf.dir/Drivers/STM32F4xx_HAL_Driver/Src/stm32f4xx_hal.c.obj
                0x00000000080015c0                HAL_Init
 .text.HAL_IncTick
                0x00000000080015f4       0x18 CMakeFiles/STM32_TFT.elf.dir/Drivers/STM32F4xx_HAL_Driver/Src/stm32f4xx_hal.c.obj
                0x00000000080015f4                HAL_IncTick
 .text.HAL_GetTick
                0x000000000800160c        0xc CMakeFiles/STM32_TFT.elf.dir/Drivers/STM32F4xx_HAL_Driver/Src/stm32f4xx_hal.c.obj
                0x000000000800160c                HAL_GetTick
 .text.HAL_Delay
                0x0000000008001618       0x28 CMakeFiles/STM32_TFT.elf.dir/Drivers/STM32F4xx_HAL_Driver/Src/stm32f4xx_hal.c.obj
                0x0000000008001618                HAL_Delay
 .text.HAL_NVIC_SetPriorityGrouping
                0x0000000008001640       0x24 CMakeFiles/STM32_TFT.elf.dir/Drivers/STM32F4xx_HAL_Driver/Src/stm32f4xx_hal_cortex.c.obj
                0x0000000008001640                HAL_NVIC_SetPriorityGrouping
 .text.HAL_NVIC_SetPriority
                0x0000000008001664       0x70 CMakeFiles/STM32_TFT.elf.dir/Drivers/STM32F4xx_HAL_Driver/Src/stm32f4xx_hal_cortex.c.obj
                0x0000000008001664                HAL_NVIC_SetPriority
 .text.HAL_NVIC_EnableIRQ
                0x00000000080016d4       0x1c CMakeFiles/STM32_TFT.elf.dir/Drivers/STM32F4xx_HAL_Driver/Src/stm32f4xx_hal_cortex.c.obj
                0x00000000080016d4                HAL_NVIC_EnableIRQ
 .text.HAL_SYSTICK_Config
                0x00000000080016f0       0x28 CMakeFiles/STM32_TFT.elf.dir/Drivers/STM32F4xx_HAL_Driver/Src/stm32f4xx_hal_cortex.c.obj
                0x00000000080016f0                HAL_SYSTICK_Config
 .text.DMA_SetConfig
                0x0000000008001718       0x2c CMakeFiles/STM32_TFT.elf.dir/Drivers/STM32F4xx_HAL_Driver/Src/stm32f4xx_hal_dma.c.obj
 .text.DMA_CalcBaseAndBitshift
                0x0000000008001744       0x40 CMakeFiles/STM32_TFT.elf.dir/Drivers/STM32F4xx_HAL_Driver/Src/stm32f4xx_hal_dma.c.obj
 .text.DMA_CheckFifoParam
                0x0000000008001784       0x8e CMakeFiles/STM32_TFT.elf.dir/Drivers/STM32F4xx_HAL_Driver/Src/stm32f4xx_hal_dma.c.obj
 *fill*         0x0000000008001812        0x2 
 .text.HAL_DMA_Init
                0x0000000008001814       0xcc CMakeFiles/STM32_TFT.elf.dir/Drivers/STM32F4xx_HAL_Driver/Src/stm32f4xx_hal_dma.c.obj
                0x0000000008001814                HAL_DMA_Init
 .text.HAL_DMA_Start_IT
                0x00000000080018e0       0x6a CMakeFiles/STM32_TFT.elf.dir/Drivers/STM32F4xx_HAL_Driver/Src/stm32f4xx_hal_dma.c.obj
                0x00000000080018e0                HAL_DMA_Start_IT
 *fill*         0x000000000800194a        0x2 
 .text.HAL_DMA_IRQHandler
                0x000000000800194c      0x1dc CMakeFiles/STM32_TFT.elf.dir/Drivers/STM32F4xx_HAL_Driver/Src/stm32f4xx_hal_dma.c.obj
                0x000000000800194c                HAL_DMA_IRQHandler
 .text.HAL_GPIO_Init
                0x0000000008001b28      0x1c0 CMakeFiles/STM32_TFT.elf.dir/Drivers/STM32F4xx_HAL_Driver/Src/stm32f4xx_hal_gpio.c.obj
                0x0000000008001b28                HAL_GPIO_Init
 .text.HAL_GPIO_WritePin
                0x0000000008001ce8        0xc CMakeFiles/STM32_TFT.elf.dir/Drivers/STM32F4xx_HAL_Driver/Src/stm32f4xx_hal_gpio.c.obj
                0x0000000008001ce8                HAL_GPIO_WritePin
 .text.HAL_RCC_OscConfig
                0x0000000008001cf4      0x3f8 CMakeFiles/STM32_TFT.elf.dir/Drivers/STM32F4xx_HAL_Driver/Src/stm32f4xx_hal_rcc.c.obj
                0x0000000008001cf4                HAL_RCC_OscConfig
 .text.HAL_RCC_GetSysClockFreq
                0x00000000080020ec       0xd4 CMakeFiles/STM32_TFT.elf.dir/Drivers/STM32F4xx_HAL_Driver/Src/stm32f4xx_hal_rcc.c.obj
                0x00000000080020ec                HAL_RCC_GetSysClockFreq
 .text.HAL_RCC_ClockConfig
                0x00000000080021c0      0x160 CMakeFiles/STM32_TFT.elf.dir/Drivers/STM32F4xx_HAL_Driver/Src/stm32f4xx_hal_rcc.c.obj
                0x00000000080021c0                HAL_RCC_ClockConfig
 .text.HAL_RCC_GetHCLKFreq
                0x0000000008002320        0xc CMakeFiles/STM32_TFT.elf.dir/Drivers/STM32F4xx_HAL_Driver/Src/stm32f4xx_hal_rcc.c.obj
                0x0000000008002320                HAL_RCC_GetHCLKFreq
 .text.HAL_RCC_GetPCLK1Freq
                0x000000000800232c       0x20 CMakeFiles/STM32_TFT.elf.dir/Drivers/STM32F4xx_HAL_Driver/Src/stm32f4xx_hal_rcc.c.obj
                0x000000000800232c                HAL_RCC_GetPCLK1Freq
 .text.HAL_RCC_GetPCLK2Freq
                0x000000000800234c       0x20 CMakeFiles/STM32_TFT.elf.dir/Drivers/STM32F4xx_HAL_Driver/Src/stm32f4xx_hal_rcc.c.obj
                0x000000000800234c                HAL_RCC_GetPCLK2Freq
 .text.SPI_WaitFlagStateUntilTimeout
                0x000000000800236c       0xd4 CMakeFiles/STM32_TFT.elf.dir/Drivers/STM32F4xx_HAL_Driver/Src/stm32f4xx_hal_spi.c.obj
 .text.SPI_EndRxTxTransaction
                0x0000000008002440       0x68 CMakeFiles/STM32_TFT.elf.dir/Drivers/STM32F4xx_HAL_Driver/Src/stm32f4xx_hal_spi.c.obj
 .text.HAL_SPI_Init
                0x00000000080024a8       0xbe CMakeFiles/STM32_TFT.elf.dir/Drivers/STM32F4xx_HAL_Driver/Src/stm32f4xx_hal_spi.c.obj
                0x00000000080024a8                HAL_SPI_Init
 .text.HAL_SPI_Transmit
                0x0000000008002566      0x1b8 CMakeFiles/STM32_TFT.elf.dir/Drivers/STM32F4xx_HAL_Driver/Src/stm32f4xx_hal_spi.c.obj
                0x0000000008002566                HAL_SPI_Transmit
 *fill*         0x000000000800271e        0x2 
 .text.HAL_SPI_Transmit_DMA
                0x0000000008002720       0xe0 CMakeFiles/STM32_TFT.elf.dir/Drivers/STM32F4xx_HAL_Driver/Src/stm32f4xx_hal_spi.c.obj
                0x0000000008002720                HAL_SPI_Transmit_DMA
 .text.HAL_SPI_TxHalfCpltCallback
                0x0000000008002800        0x2 CMakeFiles/STM32_TFT.elf.dir/Drivers/STM32F4xx_HAL_Driver/Src/stm32f4xx_hal_spi.c.obj
                0x0000000008002800                HAL_SPI_TxHalfCpltCallback
 .text.SPI_DMAHalfTransmitCplt
                0x0000000008002802        0xa CMakeFiles/STM32_TFT.elf.dir/Drivers/STM32F4xx_HAL_Driver/Src/stm32f4xx_hal_spi.c.obj
 .text.HAL_SPI_ErrorCallback
                0x000000000800280c        0x2 CMakeFiles/STM32_TFT.elf.dir/Drivers/STM32F4xx_HAL_Driver/Src/stm32f4xx_hal_spi.c.obj
                0x000000000800280c                HAL_SPI_ErrorCallback
 .text.SPI_DMAError
                0x000000000800280e       0x22 CMakeFiles/STM32_TFT.elf.dir/Drivers/STM32F4xx_HAL_Driver/Src/stm32f4xx_hal_spi.c.obj
 .text.SPI_DMATransmitCplt
                0x0000000008002830       0x70 CMakeFiles/STM32_TFT.elf.dir/Drivers/STM32F4xx_HAL_Driver/Src/stm32f4xx_hal_spi.c.obj
 .text.UART_SetConfig
                0x00000000080028a0      0x110 CMakeFiles/STM32_TFT.elf.dir/Drivers/STM32F4xx_HAL_Driver/Src/stm32f4xx_hal_uart.c.obj
 .text.HAL_UART_Init
                0x00000000080029b0       0x5e CMakeFiles/STM32_TFT.elf.dir/Drivers/STM32F4xx_HAL_Driver/Src/stm32f4xx_hal_uart.c.obj
                0x00000000080029b0                HAL_UART_Init
 .text.flush    0x0000000008002a0e        0x8 CMakeFiles/STM32_TFT.elf.dir/tft_lcd/src/hagl_hal.c.obj
 .text.get_pixel
                0x0000000008002a16        0xc CMakeFiles/STM32_TFT.elf.dir/tft_lcd/src/hagl_hal.c.obj
 .text.vline    0x0000000008002a22       0x28 CMakeFiles/STM32_TFT.elf.dir/tft_lcd/src/hagl_hal.c.obj
 .text.hline    0x0000000008002a4a       0x28 CMakeFiles/STM32_TFT.elf.dir/tft_lcd/src/hagl_hal.c.obj
 .text.put_pixel
                0x0000000008002a72        0xe CMakeFiles/STM32_TFT.elf.dir/tft_lcd/src/hagl_hal.c.obj
 .text.hagl_hal_init
                0x0000000008002a80       0x40 CMakeFiles/STM32_TFT.elf.dir/tft_lcd/src/hagl_hal.c.obj
                0x0000000008002a80                hagl_hal_init
 .text.lcd_data
                0x0000000008002ac0       0x4c CMakeFiles/STM32_TFT.elf.dir/tft_lcd/src/lcd.c.obj
 .text.lcd_data16
                0x0000000008002b0c       0x12 CMakeFiles/STM32_TFT.elf.dir/tft_lcd/src/lcd.c.obj
 *fill*         0x0000000008002b1e        0x2 
 .text.lcd_cmd  0x0000000008002b20       0x4c CMakeFiles/STM32_TFT.elf.dir/tft_lcd/src/lcd.c.obj
 .text.lcd_send
                0x0000000008002b6c       0x18 CMakeFiles/STM32_TFT.elf.dir/tft_lcd/src/lcd.c.obj
 .text.lcd_set_window
                0x0000000008002b84       0x40 CMakeFiles/STM32_TFT.elf.dir/tft_lcd/src/lcd.c.obj
 .text.lcd_init
                0x0000000008002bc4       0x5c CMakeFiles/STM32_TFT.elf.dir/tft_lcd/src/lcd.c.obj
                0x0000000008002bc4                lcd_init
 .text.lcd_put_pixel
                0x0000000008002c20       0x14 CMakeFiles/STM32_TFT.elf.dir/tft_lcd/src/lcd.c.obj
                0x0000000008002c20                lcd_put_pixel
 .text.lcd_get_pixel
                0x0000000008002c34       0x14 CMakeFiles/STM32_TFT.elf.dir/tft_lcd/src/lcd.c.obj
                0x0000000008002c34                lcd_get_pixel
 .text.lcd_flush
                0x0000000008002c48       0x4c CMakeFiles/STM32_TFT.elf.dir/tft_lcd/src/lcd.c.obj
                0x0000000008002c48                lcd_flush
 .text.lcd_transfer_done
                0x0000000008002c94       0x14 CMakeFiles/STM32_TFT.elf.dir/tft_lcd/src/lcd.c.obj
                0x0000000008002c94                lcd_transfer_done
 .text.fontx_meta
                0x0000000008002ca8       0x1c CMakeFiles/STM32_TFT.elf.dir/third_party/hagl/src/fontx.c.obj
                0x0000000008002ca8                fontx_meta
 .text.fontx_glyph
                0x0000000008002cc4       0xb6 CMakeFiles/STM32_TFT.elf.dir/third_party/hagl/src/fontx.c.obj
                0x0000000008002cc4                fontx_glyph
 .text.hagl_clear
                0x0000000008002d7a       0x58 CMakeFiles/STM32_TFT.elf.dir/third_party/hagl/src/hagl.c.obj
                0x0000000008002d7a                hagl_clear
 *fill*         0x0000000008002dd2        0x2 
 .text.hagl_init
                0x0000000008002dd4       0x38 CMakeFiles/STM32_TFT.elf.dir/third_party/hagl/src/hagl.c.obj
                0x0000000008002dd4                hagl_init
 .text.hagl_flush
                0x0000000008002e0c        0xe CMakeFiles/STM32_TFT.elf.dir/third_party/hagl/src/hagl.c.obj
                0x0000000008002e0c                hagl_flush
 .text.put_pixel
                0x0000000008002e1a       0x1a CMakeFiles/STM32_TFT.elf.dir/third_party/hagl/src/hagl_bitmap.c.obj
 .text.get_pixel
                0x0000000008002e34       0x1a CMakeFiles/STM32_TFT.elf.dir/third_party/hagl/src/hagl_bitmap.c.obj
 .text.hline    0x0000000008002e4e       0x2c CMakeFiles/STM32_TFT.elf.dir/third_party/hagl/src/hagl_bitmap.c.obj
                0x0000000008002e4e                hline
 .text.vline    0x0000000008002e7a       0x44 CMakeFiles/STM32_TFT.elf.dir/third_party/hagl/src/hagl_bitmap.c.obj
                0x0000000008002e7a                vline
 .text.blit     0x0000000008002ebe       0xe6 CMakeFiles/STM32_TFT.elf.dir/third_party/hagl/src/hagl_bitmap.c.obj
 .text.scale_blit
                0x0000000008002fa4      0x128 CMakeFiles/STM32_TFT.elf.dir/third_party/hagl/src/hagl_bitmap.c.obj
 .text.hagl_bitmap_init
                0x00000000080030cc       0x60 CMakeFiles/STM32_TFT.elf.dir/third_party/hagl/src/hagl_bitmap.c.obj
                0x00000000080030cc                hagl_bitmap_init
 .text.hagl_blit_xy
                0x000000000800312c       0xae CMakeFiles/STM32_TFT.elf.dir/third_party/hagl/src/hagl_blit.c.obj
                0x000000000800312c                hagl_blit_xy
 *fill*         0x00000000080031da        0x2 
 .text.hagl_put_char
                0x00000000080031dc       0xbc CMakeFiles/STM32_TFT.elf.dir/third_party/hagl/src/hagl_char.c.obj
                0x00000000080031dc                hagl_put_char
 .text.hagl_put_text
                0x0000000008003298       0x68 CMakeFiles/STM32_TFT.elf.dir/third_party/hagl/src/hagl_char.c.obj
                0x0000000008003298                hagl_put_text
 .text.code     0x0000000008003300       0x42 CMakeFiles/STM32_TFT.elf.dir/third_party/hagl/src/hagl_clip.c.obj
 .text.hagl_clip_line
                0x0000000008003342      0x174 CMakeFiles/STM32_TFT.elf.dir/third_party/hagl/src/hagl_clip.c.obj
                0x0000000008003342                hagl_clip_line
 .text.hagl_set_clip
                0x00000000080034b6        0xe CMakeFiles/STM32_TFT.elf.dir/third_party/hagl/src/hagl_clip.c.obj
                0x00000000080034b6                hagl_set_clip
 .text.hagl_draw_hline_xyw
                0x00000000080034c4       0x7a CMakeFiles/STM32_TFT.elf.dir/third_party/hagl/src/hagl_hline.c.obj
                0x00000000080034c4                hagl_draw_hline_xyw
 .text.hagl_draw_line
                0x000000000800353e       0xfe CMakeFiles/STM32_TFT.elf.dir/third_party/hagl/src/hagl_line.c.obj
                0x000000000800353e                hagl_draw_line
 .text.hagl_put_pixel
                0x000000000800363c       0x30 CMakeFiles/STM32_TFT.elf.dir/third_party/hagl/src/hagl_pixel.c.obj
                0x000000000800363c                hagl_put_pixel
 .text.hagl_fill_rectangle_xyxy
                0x000000000800366c       0xbe CMakeFiles/STM32_TFT.elf.dir/third_party/hagl/src/hagl_rectangle.c.obj
                0x000000000800366c                hagl_fill_rectangle_xyxy
 .text.rgb565   0x000000000800372a       0x22 CMakeFiles/STM32_TFT.elf.dir/third_party/hagl/src/rgb565.c.obj
                0x000000000800372a                rgb565
 .text.startup  0x000000000800374c       0x14 /usr/lib/gcc/arm-none-eabi/10.3.1/../../../arm-none-eabi/lib/thumb/v7e-m/nofp/libg.a(lib_a-__call_atexit.o)
 *(.glue_7)
 .glue_7        0x0000000008003760        0x0 linker stubs
 *(.glue_7t)
 .glue_7t       0x0000000008003760        0x0 linker stubs
 *(.eh_frame)
 .eh_frame      0x0000000008003760        0x0 /usr/lib/gcc/arm-none-eabi/10.3.1/thumb/v7e-m/nofp/crtbegin.o
 *(.init)
 .init          0x0000000008003760        0x4 /usr/lib/gcc/arm-none-eabi/10.3.1/thumb/v7e-m/nofp/crti.o
                0x0000000008003760                _init
 .init          0x0000000008003764        0x8 /usr/lib/gcc/arm-none-eabi/10.3.1/thumb/v7e-m/nofp/crtn.o
 *(.fini)
 .fini          0x000000000800376c        0x4 /usr/lib/gcc/arm-none-eabi/10.3.1/thumb/v7e-m/nofp/crti.o
                0x000000000800376c                _fini
 .fini          0x0000000008003770        0x8 /usr/lib/gcc/arm-none-eabi/10.3.1/thumb/v7e-m/nofp/crtn.o
                0x0000000008003778                . = ALIGN (0x4)
                0x0000000008003778                _etext = .

.vfp11_veneer   0x0000000008003778        0x0
 .vfp11_veneer  0x0000000008003778        0x0 linker stubs

.v4_bx          0x0000000008003778        0x0
 .v4_bx         0x0000000008003778        0x0 linker stubs

.iplt           0x0000000008003778        0x0
 .iplt          0x0000000008003778        0x0 /usr/lib/gcc/arm-none-eabi/10.3.1/thumb/v7e-m/nofp/crtbegin.o

.rodata         0x0000000008003778     0x6b20
                0x0000000008003778                . = ALIGN (0x4)
 *(.rodata)
 .rodata        0x0000000008003778        0x4 /usr/lib/gcc/arm-none-eabi/10.3.1/../../../arm-none-eabi/lib/thumb/v7e-m/nofp/libg.a(lib_a-impure.o)
                0x0000000008003778                _global_impure_ptr
 *(.rodata*)
 .rodata.main.str4.4
                0x000000000800377c       0x34 CMakeFiles/STM32_TFT.elf.dir/Core/Src/main.c.obj
 .rodata.font10x20_ISO8859_1
                0x00000000080037b0     0x2811 CMakeFiles/STM32_TFT.elf.dir/Core/Src/main.c.obj
                0x00000000080037b0                font10x20_ISO8859_1
 *fill*         0x0000000008005fc1        0x3 
 .rodata.font5x7
                0x0000000008005fc4     0x3507 CMakeFiles/STM32_TFT.elf.dir/Core/Src/main.c.obj
                0x0000000008005fc4                font5x7
 *fill*         0x00000000080094cb        0x1 
 .rodata.font7x13B_ISO8859_1
                0x00000000080094cc      0xd11 CMakeFiles/STM32_TFT.elf.dir/Core/Src/main.c.obj
                0x00000000080094cc                font7x13B_ISO8859_1
 *fill*         0x000000000800a1dd        0x3 
 .rodata.AHBPrescTable
                0x000000000800a1e0       0x10 CMakeFiles/STM32_TFT.elf.dir/Core/Src/system_stm32f4xx.c.obj
                0x000000000800a1e0                AHBPrescTable
 .rodata.APBPrescTable
                0x000000000800a1f0        0x8 CMakeFiles/STM32_TFT.elf.dir/Core/Src/system_stm32f4xx.c.obj
                0x000000000800a1f0                APBPrescTable
 .rodata.flagBitshiftOffset.0
                0x000000000800a1f8        0x8 CMakeFiles/STM32_TFT.elf.dir/Drivers/STM32F4xx_HAL_Driver/Src/stm32f4xx_hal_dma.c.obj
 .rodata.init_table
                0x000000000800a200       0x98 CMakeFiles/STM32_TFT.elf.dir/tft_lcd/src/lcd.c.obj
                0x000000000800a298                . = ALIGN (0x4)

.ARM.extab      0x000000000800a298        0x0
                0x000000000800a298                . = ALIGN (0x4)
 *(.ARM.extab* .gnu.linkonce.armextab.*)
                0x000000000800a298                . = ALIGN (0x4)

.ARM            0x000000000800a298        0x8
                0x000000000800a298                . = ALIGN (0x4)
                0x000000000800a298                __exidx_start = .
 *(.ARM.exidx*)
 .ARM.exidx     0x000000000800a298        0x8 /usr/lib/gcc/arm-none-eabi/10.3.1/thumb/v7e-m/nofp/libgcc.a(_udivmoddi4.o)
                0x000000000800a2a0                __exidx_end = .
                0x000000000800a2a0                . = ALIGN (0x4)

.rel.dyn        0x000000000800a2a0        0x0
 .rel.iplt      0x000000000800a2a0        0x0 /usr/lib/gcc/arm-none-eabi/10.3.1/thumb/v7e-m/nofp/crtbegin.o

.preinit_array  0x000000000800a2a0        0x0
                0x000000000800a2a0                . = ALIGN (0x4)
                0x000000000800a2a0                PROVIDE (__preinit_array_start = .)
 *(.preinit_array*)
                0x000000000800a2a0                PROVIDE (__preinit_array_end = .)
                0x000000000800a2a0                . = ALIGN (0x4)

.init_array     0x000000000800a2a0        0x8
                0x000000000800a2a0                . = ALIGN (0x4)
                0x000000000800a2a0                PROVIDE (__init_array_start = .)
 *(SORT_BY_NAME(.init_array.*))
 .init_array.00000
                0x000000000800a2a0        0x4 /usr/lib/gcc/arm-none-eabi/10.3.1/../../../arm-none-eabi/lib/thumb/v7e-m/nofp/libg.a(lib_a-__call_atexit.o)
 *(.init_array*)
 .init_array    0x000000000800a2a4        0x4 /usr/lib/gcc/arm-none-eabi/10.3.1/thumb/v7e-m/nofp/crtbegin.o
                0x000000000800a2a8                PROVIDE (__init_array_end = .)
                0x000000000800a2a8                . = ALIGN (0x4)

.fini_array     0x000000000800a2a8        0x4
                0x000000000800a2a8                . = ALIGN (0x4)
                0x000000000800a2a8                PROVIDE (__fini_array_start = .)
 *(SORT_BY_NAME(.fini_array.*))
 *(.fini_array*)
 .fini_array    0x000000000800a2a8        0x4 /usr/lib/gcc/arm-none-eabi/10.3.1/thumb/v7e-m/nofp/crtbegin.o
                0x000000000800a2ac                PROVIDE (__fini_array_end = .)
                0x000000000800a2ac                . = ALIGN (0x4)
                0x000000000800a2ac                _sidata = LOADADDR (.data)

.data           0x0000000020000000      0x84c load address 0x000000000800a2ac
                0x0000000020000000                . = ALIGN (0x4)
                0x0000000020000000                _sdata = .
 *(.data)
 .data          0x0000000020000000      0x430 /usr/lib/gcc/arm-none-eabi/10.3.1/../../../arm-none-eabi/lib/thumb/v7e-m/nofp/libg.a(lib_a-impure.o)
                0x0000000020000000                _impure_ptr
 .data          0x0000000020000430      0x410 /usr/lib/gcc/arm-none-eabi/10.3.1/../../../arm-none-eabi/lib/thumb/v7e-m/nofp/libg.a(lib_a-mallocr.o)
                0x0000000020000430                __malloc_av_
                0x0000000020000838                __malloc_sbrk_base
                0x000000002000083c                __malloc_trim_threshold
 *(.data*)
 .data.SystemCoreClock
                0x0000000020000840        0x4 CMakeFiles/STM32_TFT.elf.dir/Core/Src/system_stm32f4xx.c.obj
                0x0000000020000840                SystemCoreClock
 .data.uwTickFreq
                0x0000000020000844        0x1 CMakeFiles/STM32_TFT.elf.dir/Drivers/STM32F4xx_HAL_Driver/Src/stm32f4xx_hal.c.obj
                0x0000000020000844                uwTickFreq
 *fill*         0x0000000020000845        0x3 
 .data.uwTickPrio
                0x0000000020000848        0x4 CMakeFiles/STM32_TFT.elf.dir/Drivers/STM32F4xx_HAL_Driver/Src/stm32f4xx_hal.c.obj
                0x0000000020000848                uwTickPrio
 *(.RamFunc)
 *(.RamFunc*)
                0x000000002000084c                . = ALIGN (0x4)
                0x000000002000084c                _edata = .

.tm_clone_table
                0x000000002000084c        0x0 load address 0x000000000800aaf8
 .tm_clone_table
                0x000000002000084c        0x0 /usr/lib/gcc/arm-none-eabi/10.3.1/thumb/v7e-m/nofp/crtbegin.o
 .tm_clone_table
                0x000000002000084c        0x0 /usr/lib/gcc/arm-none-eabi/10.3.1/thumb/v7e-m/nofp/crtend.o

.igot.plt       0x000000002000084c        0x0 load address 0x000000000800aaf8
 .igot.plt      0x000000002000084c        0x0 /usr/lib/gcc/arm-none-eabi/10.3.1/thumb/v7e-m/nofp/crtbegin.o
                0x000000002000084c                . = ALIGN (0x4)

.bss            0x000000002000084c     0xa198 load address 0x000000000800aaf8
                0x000000002000084c                _sbss = .
                0x000000002000084c                __bss_start__ = _sbss
 *(.bss)
 .bss           0x000000002000084c       0x1c /usr/lib/gcc/arm-none-eabi/10.3.1/thumb/v7e-m/nofp/crtbegin.o
 .bss           0x0000000020000868       0x34 /usr/lib/gcc/arm-none-eabi/10.3.1/../../../arm-none-eabi/lib/thumb/v7e-m/nofp/libg.a(lib_a-mallocr.o)
                0x0000000020000868                __malloc_top_pad
                0x000000002000086c                __malloc_current_mallinfo
                0x0000000020000894                __malloc_max_sbrked_mem
                0x0000000020000898                __malloc_max_total_mem
 .bss           0x000000002000089c        0x4 /usr/lib/gcc/arm-none-eabi/10.3.1/../../../arm-none-eabi/lib/thumb/v7e-m/nofp/libg.a(lib_a-reent.o)
                0x000000002000089c                errno
 *(.bss*)
 .bss.hdma_spi2_tx
                0x00000000200008a0       0x60 CMakeFiles/STM32_TFT.elf.dir/Core/Src/spi.c.obj
                0x00000000200008a0                hdma_spi2_tx
 .bss.hspi2     0x0000000020000900       0x58 CMakeFiles/STM32_TFT.elf.dir/Core/Src/spi.c.obj
                0x0000000020000900                hspi2
 .bss.__sbrk_heap_end
                0x0000000020000958        0x4 CMakeFiles/STM32_TFT.elf.dir/Core/Src/sysmem.c.obj
 .bss.huart2    0x000000002000095c       0x44 CMakeFiles/STM32_TFT.elf.dir/Core/Src/usart.c.obj
                0x000000002000095c                huart2
 .bss.uwTick    0x00000000200009a0        0x4 CMakeFiles/STM32_TFT.elf.dir/Drivers/STM32F4xx_HAL_Driver/Src/stm32f4xx_hal.c.obj
                0x00000000200009a0                uwTick
 .bss.frame_buffer
                0x00000000200009a4     0xa000 CMakeFiles/STM32_TFT.elf.dir/tft_lcd/src/lcd.c.obj
                0x00000000200009a4                frame_buffer
 .bss.backend.0
                0x000000002000a9a4       0x3c CMakeFiles/STM32_TFT.elf.dir/third_party/hagl/src/hagl.c.obj
 .bss.buffer.0  0x000000002000a9e0        0x4 CMakeFiles/STM32_TFT.elf.dir/third_party/hagl/src/hagl_char.c.obj
 *(COMMON)
                0x000000002000a9e4                . = ALIGN (0x4)
                0x000000002000a9e4                _ebss = .
                0x000000002000a9e4                __bss_end__ = _ebss

._user_heap_stack
                0x000000002000a9e4     0x2204 load address 0x000000000800aaf8
                0x000000002000a9e8                . = ALIGN (0x8)
 *fill*         0x000000002000a9e4        0x4 
                [!provide]                        PROVIDE (end = .)
                0x000000002000a9e8                PROVIDE (_end = .)
                0x000000002000abe8                . = (. + _Min_Heap_Size)
 *fill*         0x000000002000a9e8      0x200 
                0x000000002000cbe8                . = (. + _Min_Stack_Size)
 *fill*         0x000000002000abe8     0x2000 
                0x000000002000cbe8                . = ALIGN (0x8)

/DISCARD/
 libc.a(*)
 libm.a(*)
 libgcc.a(*)

.ARM.attributes
                0x0000000000000000       0x2a
 *(.ARM.attributes)
 .ARM.attributes
                0x0000000000000000       0x1e /usr/lib/gcc/arm-none-eabi/10.3.1/thumb/v7e-m/nofp/crti.o
 .ARM.attributes
                0x000000000000001e       0x2e /usr/lib/gcc/arm-none-eabi/10.3.1/thumb/v7e-m/nofp/crtbegin.o
 .ARM.attributes
                0x000000000000004c       0x2e CMakeFiles/STM32_TFT.elf.dir/Core/Src/dma.c.obj
 .ARM.attributes
                0x000000000000007a       0x2e CMakeFiles/STM32_TFT.elf.dir/Core/Src/gpio.c.obj
 .ARM.attributes
                0x00000000000000a8       0x2e CMakeFiles/STM32_TFT.elf.dir/Core/Src/main.c.obj
 .ARM.attributes
                0x00000000000000d6       0x2e CMakeFiles/STM32_TFT.elf.dir/Core/Src/spi.c.obj
 .ARM.attributes
                0x0000000000000104       0x2e CMakeFiles/STM32_TFT.elf.dir/Core/Src/stm32f4xx_hal_msp.c.obj
 .ARM.attributes
                0x0000000000000132       0x2e CMakeFiles/STM32_TFT.elf.dir/Core/Src/stm32f4xx_it.c.obj
 .ARM.attributes
                0x0000000000000160       0x2e CMakeFiles/STM32_TFT.elf.dir/Core/Src/sysmem.c.obj
 .ARM.attributes
                0x000000000000018e       0x2e CMakeFiles/STM32_TFT.elf.dir/Core/Src/system_stm32f4xx.c.obj
 .ARM.attributes
                0x00000000000001bc       0x2e CMakeFiles/STM32_TFT.elf.dir/Core/Src/usart.c.obj
 .ARM.attributes
                0x00000000000001ea       0x21 CMakeFiles/STM32_TFT.elf.dir/Core/Startup/startup_stm32f401retx.s.obj
 .ARM.attributes
                0x000000000000020b       0x2e CMakeFiles/STM32_TFT.elf.dir/Drivers/STM32F4xx_HAL_Driver/Src/stm32f4xx_hal.c.obj
 .ARM.attributes
                0x0000000000000239       0x2e CMakeFiles/STM32_TFT.elf.dir/Drivers/STM32F4xx_HAL_Driver/Src/stm32f4xx_hal_cortex.c.obj
 .ARM.attributes
                0x0000000000000267       0x2e CMakeFiles/STM32_TFT.elf.dir/Drivers/STM32F4xx_HAL_Driver/Src/stm32f4xx_hal_dma.c.obj
 .ARM.attributes
                0x0000000000000295       0x2e CMakeFiles/STM32_TFT.elf.dir/Drivers/STM32F4xx_HAL_Driver/Src/stm32f4xx_hal_gpio.c.obj
 .ARM.attributes
                0x00000000000002c3       0x2e CMakeFiles/STM32_TFT.elf.dir/Drivers/STM32F4xx_HAL_Driver/Src/stm32f4xx_hal_rcc.c.obj
 .ARM.attributes
                0x00000000000002f1       0x2e CMakeFiles/STM32_TFT.elf.dir/Drivers/STM32F4xx_HAL_Driver/Src/stm32f4xx_hal_spi.c.obj
 .ARM.attributes
                0x000000000000031f       0x2e CMakeFiles/STM32_TFT.elf.dir/Drivers/STM32F4xx_HAL_Driver/Src/stm32f4xx_hal_uart.c.obj
 .ARM.attributes
                0x000000000000034d       0x2e CMakeFiles/STM32_TFT.elf.dir/tft_lcd/src/hagl_hal.c.obj
 .ARM.attributes
                0x000000000000037b       0x2e CMakeFiles/STM32_TFT.elf.dir/tft_lcd/src/lcd.c.obj
 .ARM.attributes
                0x00000000000003a9       0x2e CMakeFiles/STM32_TFT.elf.dir/third_party/hagl/src/fontx.c.obj
 .ARM.attributes
                0x00000000000003d7       0x2e CMakeFiles/STM32_TFT.elf.dir/third_party/hagl/src/hagl.c.obj
 .ARM.attributes
                0x0000000000000405       0x2e CMakeFiles/STM32_TFT.elf.dir/third_party/hagl/src/hagl_bitmap.c.obj
 .ARM.attributes
                0x0000000000000433       0x2e CMakeFiles/STM32_TFT.elf.dir/third_party/hagl/src/hagl_blit.c.obj
 .ARM.attributes
                0x0000000000000461       0x2e CMakeFiles/STM32_TFT.elf.dir/third_party/hagl/src/hagl_char.c.obj
 .ARM.attributes
                0x000000000000048f       0x2e CMakeFiles/STM32_TFT.elf.dir/third_party/hagl/src/hagl_clip.c.obj
 .ARM.attributes
                0x00000000000004bd       0x2e CMakeFiles/STM32_TFT.elf.dir/third_party/hagl/src/hagl_hline.c.obj
 .ARM.attributes
                0x00000000000004eb       0x2e CMakeFiles/STM32_TFT.elf.dir/third_party/hagl/src/hagl_line.c.obj
 .ARM.attributes
                0x0000000000000519       0x2e CMakeFiles/STM32_TFT.elf.dir/third_party/hagl/src/hagl_pixel.c.obj
 .ARM.attributes
                0x0000000000000547       0x2e CMakeFiles/STM32_TFT.elf.dir/third_party/hagl/src/hagl_rectangle.c.obj
 .ARM.attributes
                0x0000000000000575       0x2e CMakeFiles/STM32_TFT.elf.dir/third_party/hagl/src/rgb565.c.obj
 .ARM.attributes
                0x00000000000005a3       0x1e /usr/lib/gcc/arm-none-eabi/10.3.1/thumb/v7e-m/nofp/libgcc.a(_aeabi_uldivmod.o)
 .ARM.attributes
                0x00000000000005c1       0x2e /usr/lib/gcc/arm-none-eabi/10.3.1/thumb/v7e-m/nofp/libgcc.a(_udivmoddi4.o)
 .ARM.attributes
                0x00000000000005ef       0x1e /usr/lib/gcc/arm-none-eabi/10.3.1/thumb/v7e-m/nofp/libgcc.a(_dvmd_tls.o)
 .ARM.attributes
                0x000000000000060d       0x2e /usr/lib/gcc/arm-none-eabi/10.3.1/../../../arm-none-eabi/lib/thumb/v7e-m/nofp/libg.a(lib_a-atexit.o)
 .ARM.attributes
                0x000000000000063b       0x2e /usr/lib/gcc/arm-none-eabi/10.3.1/../../../arm-none-eabi/lib/thumb/v7e-m/nofp/libg.a(lib_a-calloc.o)
 .ARM.attributes
                0x0000000000000669       0x2e /usr/lib/gcc/arm-none-eabi/10.3.1/../../../arm-none-eabi/lib/thumb/v7e-m/nofp/libg.a(lib_a-callocr.o)
 .ARM.attributes
                0x0000000000000697       0x2e /usr/lib/gcc/arm-none-eabi/10.3.1/../../../arm-none-eabi/lib/thumb/v7e-m/nofp/libg.a(lib_a-errno.o)
 .ARM.attributes
                0x00000000000006c5       0x2e /usr/lib/gcc/arm-none-eabi/10.3.1/../../../arm-none-eabi/lib/thumb/v7e-m/nofp/libg.a(lib_a-fini.o)
 .ARM.attributes
                0x00000000000006f3       0x2e /usr/lib/gcc/arm-none-eabi/10.3.1/../../../arm-none-eabi/lib/thumb/v7e-m/nofp/libg.a(lib_a-freer.o)
 .ARM.attributes
                0x0000000000000721       0x2e /usr/lib/gcc/arm-none-eabi/10.3.1/../../../arm-none-eabi/lib/thumb/v7e-m/nofp/libg.a(lib_a-impure.o)
 .ARM.attributes
                0x000000000000074f       0x2e /usr/lib/gcc/arm-none-eabi/10.3.1/../../../arm-none-eabi/lib/thumb/v7e-m/nofp/libg.a(lib_a-init.o)
 .ARM.attributes
                0x000000000000077d       0x2e /usr/lib/gcc/arm-none-eabi/10.3.1/../../../arm-none-eabi/lib/thumb/v7e-m/nofp/libg.a(lib_a-mallocr.o)
 .ARM.attributes
                0x00000000000007ab       0x2e /usr/lib/gcc/arm-none-eabi/10.3.1/../../../arm-none-eabi/lib/thumb/v7e-m/nofp/libg.a(lib_a-memset.o)
 .ARM.attributes
                0x00000000000007d9       0x2e /usr/lib/gcc/arm-none-eabi/10.3.1/../../../arm-none-eabi/lib/thumb/v7e-m/nofp/libg.a(lib_a-mlock.o)
 .ARM.attributes
                0x0000000000000807       0x2e /usr/lib/gcc/arm-none-eabi/10.3.1/../../../arm-none-eabi/lib/thumb/v7e-m/nofp/libg.a(lib_a-reent.o)
 .ARM.attributes
                0x0000000000000835       0x2e /usr/lib/gcc/arm-none-eabi/10.3.1/../../../arm-none-eabi/lib/thumb/v7e-m/nofp/libg.a(lib_a-sbrkr.o)
 .ARM.attributes
                0x0000000000000863       0x2e /usr/lib/gcc/arm-none-eabi/10.3.1/../../../arm-none-eabi/lib/thumb/v7e-m/nofp/libg.a(lib_a-__atexit.o)
 .ARM.attributes
                0x0000000000000891       0x2e /usr/lib/gcc/arm-none-eabi/10.3.1/../../../arm-none-eabi/lib/thumb/v7e-m/nofp/libg.a(lib_a-__call_atexit.o)
 .ARM.attributes
                0x00000000000008bf       0x2e /usr/lib/gcc/arm-none-eabi/10.3.1/thumb/v7e-m/nofp/crtend.o
 .ARM.attributes
                0x00000000000008ed       0x1e /usr/lib/gcc/arm-none-eabi/10.3.1/thumb/v7e-m/nofp/crtn.o
OUTPUT(STM32_TFT.elf elf32-littlearm)
LOAD linker stubs
LOAD /usr/lib/gcc/arm-none-eabi/10.3.1/../../../arm-none-eabi/lib/thumb/v7e-m/nofp/libc.a
LOAD /usr/lib/gcc/arm-none-eabi/10.3.1/../../../arm-none-eabi/lib/thumb/v7e-m/nofp/libm.a
LOAD /usr/lib/gcc/arm-none-eabi/10.3.1/thumb/v7e-m/nofp/libgcc.a

.comment        0x0000000000000000       0x33
 .comment       0x0000000000000000       0x33 /usr/lib/gcc/arm-none-eabi/10.3.1/thumb/v7e-m/nofp/crtbegin.o
                                         0x34 (size before relaxing)
 .comment       0x0000000000000033       0x34 CMakeFiles/STM32_TFT.elf.dir/Core/Src/dma.c.obj
 .comment       0x0000000000000033       0x34 CMakeFiles/STM32_TFT.elf.dir/Core/Src/gpio.c.obj
 .comment       0x0000000000000033       0x34 CMakeFiles/STM32_TFT.elf.dir/Core/Src/main.c.obj
 .comment       0x0000000000000033       0x34 CMakeFiles/STM32_TFT.elf.dir/Core/Src/spi.c.obj
 .comment       0x0000000000000033       0x34 CMakeFiles/STM32_TFT.elf.dir/Core/Src/stm32f4xx_hal_msp.c.obj
 .comment       0x0000000000000033       0x34 CMakeFiles/STM32_TFT.elf.dir/Core/Src/stm32f4xx_it.c.obj
 .comment       0x0000000000000033       0x34 CMakeFiles/STM32_TFT.elf.dir/Core/Src/sysmem.c.obj
 .comment       0x0000000000000033       0x34 CMakeFiles/STM32_TFT.elf.dir/Core/Src/system_stm32f4xx.c.obj
 .comment       0x0000000000000033       0x34 CMakeFiles/STM32_TFT.elf.dir/Core/Src/usart.c.obj
 .comment       0x0000000000000033       0x34 CMakeFiles/STM32_TFT.elf.dir/Drivers/STM32F4xx_HAL_Driver/Src/stm32f4xx_hal.c.obj
 .comment       0x0000000000000033       0x34 CMakeFiles/STM32_TFT.elf.dir/Drivers/STM32F4xx_HAL_Driver/Src/stm32f4xx_hal_cortex.c.obj
 .comment       0x0000000000000033       0x34 CMakeFiles/STM32_TFT.elf.dir/Drivers/STM32F4xx_HAL_Driver/Src/stm32f4xx_hal_dma.c.obj
 .comment       0x0000000000000033       0x34 CMakeFiles/STM32_TFT.elf.dir/Drivers/STM32F4xx_HAL_Driver/Src/stm32f4xx_hal_gpio.c.obj
 .comment       0x0000000000000033       0x34 CMakeFiles/STM32_TFT.elf.dir/Drivers/STM32F4xx_HAL_Driver/Src/stm32f4xx_hal_rcc.c.obj
 .comment       0x0000000000000033       0x34 CMakeFiles/STM32_TFT.elf.dir/Drivers/STM32F4xx_HAL_Driver/Src/stm32f4xx_hal_spi.c.obj
 .comment       0x0000000000000033       0x34 CMakeFiles/STM32_TFT.elf.dir/Drivers/STM32F4xx_HAL_Driver/Src/stm32f4xx_hal_uart.c.obj
 .comment       0x0000000000000033       0x34 CMakeFiles/STM32_TFT.elf.dir/tft_lcd/src/hagl_hal.c.obj
 .comment       0x0000000000000033       0x34 CMakeFiles/STM32_TFT.elf.dir/tft_lcd/src/lcd.c.obj
 .comment       0x0000000000000033       0x34 CMakeFiles/STM32_TFT.elf.dir/third_party/hagl/src/fontx.c.obj
 .comment       0x0000000000000033       0x34 CMakeFiles/STM32_TFT.elf.dir/third_party/hagl/src/hagl.c.obj
 .comment       0x0000000000000033       0x34 CMakeFiles/STM32_TFT.elf.dir/third_party/hagl/src/hagl_bitmap.c.obj
 .comment       0x0000000000000033       0x34 CMakeFiles/STM32_TFT.elf.dir/third_party/hagl/src/hagl_blit.c.obj
 .comment       0x0000000000000033       0x34 CMakeFiles/STM32_TFT.elf.dir/third_party/hagl/src/hagl_char.c.obj
 .comment       0x0000000000000033       0x34 CMakeFiles/STM32_TFT.elf.dir/third_party/hagl/src/hagl_clip.c.obj
 .comment       0x0000000000000033       0x34 CMakeFiles/STM32_TFT.elf.dir/third_party/hagl/src/hagl_hline.c.obj
 .comment       0x0000000000000033       0x34 CMakeFiles/STM32_TFT.elf.dir/third_party/hagl/src/hagl_line.c.obj
 .comment       0x0000000000000033       0x34 CMakeFiles/STM32_TFT.elf.dir/third_party/hagl/src/hagl_pixel.c.obj
 .comment       0x0000000000000033       0x34 CMakeFiles/STM32_TFT.elf.dir/third_party/hagl/src/hagl_rectangle.c.obj
 .comment       0x0000000000000033       0x34 CMakeFiles/STM32_TFT.elf.dir/third_party/hagl/src/rgb565.c.obj
 .comment       0x0000000000000033       0x34 /usr/lib/gcc/arm-none-eabi/10.3.1/thumb/v7e-m/nofp/libgcc.a(_udivmoddi4.o)
 .comment       0x0000000000000033       0x34 /usr/lib/gcc/arm-none-eabi/10.3.1/../../../arm-none-eabi/lib/thumb/v7e-m/nofp/libg.a(lib_a-atexit.o)
 .comment       0x0000000000000033       0x34 /usr/lib/gcc/arm-none-eabi/10.3.1/../../../arm-none-eabi/lib/thumb/v7e-m/nofp/libg.a(lib_a-calloc.o)
 .comment       0x0000000000000033       0x34 /usr/lib/gcc/arm-none-eabi/10.3.1/../../../arm-none-eabi/lib/thumb/v7e-m/nofp/libg.a(lib_a-callocr.o)
 .comment       0x0000000000000033       0x34 /usr/lib/gcc/arm-none-eabi/10.3.1/../../../arm-none-eabi/lib/thumb/v7e-m/nofp/libg.a(lib_a-errno.o)
 .comment       0x0000000000000033       0x34 /usr/lib/gcc/arm-none-eabi/10.3.1/../../../arm-none-eabi/lib/thumb/v7e-m/nofp/libg.a(lib_a-fini.o)
 .comment       0x0000000000000033       0x34 /usr/lib/gcc/arm-none-eabi/10.3.1/../../../arm-none-eabi/lib/thumb/v7e-m/nofp/libg.a(lib_a-freer.o)
 .comment       0x0000000000000033       0x34 /usr/lib/gcc/arm-none-eabi/10.3.1/../../../arm-none-eabi/lib/thumb/v7e-m/nofp/libg.a(lib_a-impure.o)
 .comment       0x0000000000000033       0x34 /usr/lib/gcc/arm-none-eabi/10.3.1/../../../arm-none-eabi/lib/thumb/v7e-m/nofp/libg.a(lib_a-init.o)
 .comment       0x0000000000000033       0x34 /usr/lib/gcc/arm-none-eabi/10.3.1/../../../arm-none-eabi/lib/thumb/v7e-m/nofp/libg.a(lib_a-mallocr.o)
 .comment       0x0000000000000033       0x34 /usr/lib/gcc/arm-none-eabi/10.3.1/../../../arm-none-eabi/lib/thumb/v7e-m/nofp/libg.a(lib_a-memset.o)
 .comment       0x0000000000000033       0x34 /usr/lib/gcc/arm-none-eabi/10.3.1/../../../arm-none-eabi/lib/thumb/v7e-m/nofp/libg.a(lib_a-mlock.o)
 .comment       0x0000000000000033       0x34 /usr/lib/gcc/arm-none-eabi/10.3.1/../../../arm-none-eabi/lib/thumb/v7e-m/nofp/libg.a(lib_a-reent.o)
 .comment       0x0000000000000033       0x34 /usr/lib/gcc/arm-none-eabi/10.3.1/../../../arm-none-eabi/lib/thumb/v7e-m/nofp/libg.a(lib_a-sbrkr.o)
 .comment       0x0000000000000033       0x34 /usr/lib/gcc/arm-none-eabi/10.3.1/../../../arm-none-eabi/lib/thumb/v7e-m/nofp/libg.a(lib_a-__atexit.o)
 .comment       0x0000000000000033       0x34 /usr/lib/gcc/arm-none-eabi/10.3.1/../../../arm-none-eabi/lib/thumb/v7e-m/nofp/libg.a(lib_a-__call_atexit.o)
 .comment       0x0000000000000033       0x34 /usr/lib/gcc/arm-none-eabi/10.3.1/thumb/v7e-m/nofp/crtend.o

.debug_info     0x0000000000000000    0x1b4b8
 .debug_info    0x0000000000000000      0x484 CMakeFiles/STM32_TFT.elf.dir/Core/Src/dma.c.obj
 .debug_info    0x0000000000000484      0x595 CMakeFiles/STM32_TFT.elf.dir/Core/Src/gpio.c.obj
 .debug_info    0x0000000000000a19     0x1384 CMakeFiles/STM32_TFT.elf.dir/Core/Src/main.c.obj
 .debug_info    0x0000000000001d9d      0xacc CMakeFiles/STM32_TFT.elf.dir/Core/Src/spi.c.obj
 .debug_info    0x0000000000002869      0x2e8 CMakeFiles/STM32_TFT.elf.dir/Core/Src/stm32f4xx_hal_msp.c.obj
 .debug_info    0x0000000000002b51      0x3e8 CMakeFiles/STM32_TFT.elf.dir/Core/Src/stm32f4xx_it.c.obj
 .debug_info    0x0000000000002f39      0x15c CMakeFiles/STM32_TFT.elf.dir/Core/Src/sysmem.c.obj
 .debug_info    0x0000000000003095      0x391 CMakeFiles/STM32_TFT.elf.dir/Core/Src/system_stm32f4xx.c.obj
 .debug_info    0x0000000000003426      0x9cc CMakeFiles/STM32_TFT.elf.dir/Core/Src/usart.c.obj
 .debug_info    0x0000000000003df2       0x22 CMakeFiles/STM32_TFT.elf.dir/Core/Startup/startup_stm32f401retx.s.obj
 .debug_info    0x0000000000003e14      0x96e CMakeFiles/STM32_TFT.elf.dir/Drivers/STM32F4xx_HAL_Driver/Src/stm32f4xx_hal.c.obj
 .debug_info    0x0000000000004782      0xfde CMakeFiles/STM32_TFT.elf.dir/Drivers/STM32F4xx_HAL_Driver/Src/stm32f4xx_hal_cortex.c.obj
 .debug_info    0x0000000000005760      0xb1f CMakeFiles/STM32_TFT.elf.dir/Drivers/STM32F4xx_HAL_Driver/Src/stm32f4xx_hal_dma.c.obj
 .debug_info    0x000000000000627f      0x7b0 CMakeFiles/STM32_TFT.elf.dir/Drivers/STM32F4xx_HAL_Driver/Src/stm32f4xx_hal_gpio.c.obj
 .debug_info    0x0000000000006a2f      0xaf9 CMakeFiles/STM32_TFT.elf.dir/Drivers/STM32F4xx_HAL_Driver/Src/stm32f4xx_hal_rcc.c.obj
 .debug_info    0x0000000000007528     0x1e6a CMakeFiles/STM32_TFT.elf.dir/Drivers/STM32F4xx_HAL_Driver/Src/stm32f4xx_hal_spi.c.obj
 .debug_info    0x0000000000009392     0x4216 CMakeFiles/STM32_TFT.elf.dir/Drivers/STM32F4xx_HAL_Driver/Src/stm32f4xx_hal_uart.c.obj
 .debug_info    0x000000000000d5a8      0x6c0 CMakeFiles/STM32_TFT.elf.dir/tft_lcd/src/hagl_hal.c.obj
 .debug_info    0x000000000000dc68      0xe0f CMakeFiles/STM32_TFT.elf.dir/tft_lcd/src/lcd.c.obj
 .debug_info    0x000000000000ea77      0x28e CMakeFiles/STM32_TFT.elf.dir/third_party/hagl/src/fontx.c.obj
 .debug_info    0x000000000000ed05      0x7d5 CMakeFiles/STM32_TFT.elf.dir/third_party/hagl/src/hagl.c.obj
 .debug_info    0x000000000000f4da      0x8cb CMakeFiles/STM32_TFT.elf.dir/third_party/hagl/src/hagl_bitmap.c.obj
 .debug_info    0x000000000000fda5      0x6f4 CMakeFiles/STM32_TFT.elf.dir/third_party/hagl/src/hagl_blit.c.obj
 .debug_info    0x0000000000010499      0x950 CMakeFiles/STM32_TFT.elf.dir/third_party/hagl/src/hagl_char.c.obj
 .debug_info    0x0000000000010de9      0x5c8 CMakeFiles/STM32_TFT.elf.dir/third_party/hagl/src/hagl_clip.c.obj
 .debug_info    0x00000000000113b1      0x473 CMakeFiles/STM32_TFT.elf.dir/third_party/hagl/src/hagl_hline.c.obj
 .debug_info    0x0000000000011824      0x50f CMakeFiles/STM32_TFT.elf.dir/third_party/hagl/src/hagl_line.c.obj
 .debug_info    0x0000000000011d33      0x4f1 CMakeFiles/STM32_TFT.elf.dir/third_party/hagl/src/hagl_pixel.c.obj
 .debug_info    0x0000000000012224     0x10d9 CMakeFiles/STM32_TFT.elf.dir/third_party/hagl/src/hagl_rectangle.c.obj
 .debug_info    0x00000000000132fd      0x1a0 CMakeFiles/STM32_TFT.elf.dir/third_party/hagl/src/rgb565.c.obj
 .debug_info    0x000000000001349d       0x26 /usr/lib/gcc/arm-none-eabi/10.3.1/thumb/v7e-m/nofp/libgcc.a(_aeabi_uldivmod.o)
 .debug_info    0x00000000000134c3      0x717 /usr/lib/gcc/arm-none-eabi/10.3.1/thumb/v7e-m/nofp/libgcc.a(_udivmoddi4.o)
 .debug_info    0x0000000000013bda       0x26 /usr/lib/gcc/arm-none-eabi/10.3.1/thumb/v7e-m/nofp/libgcc.a(_dvmd_tls.o)
 .debug_info    0x0000000000013c00      0x100 /usr/lib/gcc/arm-none-eabi/10.3.1/../../../arm-none-eabi/lib/thumb/v7e-m/nofp/libg.a(lib_a-atexit.o)
 .debug_info    0x0000000000013d00      0x96a /usr/lib/gcc/arm-none-eabi/10.3.1/../../../arm-none-eabi/lib/thumb/v7e-m/nofp/libg.a(lib_a-calloc.o)
 .debug_info    0x000000000001466a      0xa81 /usr/lib/gcc/arm-none-eabi/10.3.1/../../../arm-none-eabi/lib/thumb/v7e-m/nofp/libg.a(lib_a-callocr.o)
 .debug_info    0x00000000000150eb      0x914 /usr/lib/gcc/arm-none-eabi/10.3.1/../../../arm-none-eabi/lib/thumb/v7e-m/nofp/libg.a(lib_a-errno.o)
 .debug_info    0x00000000000159ff      0x102 /usr/lib/gcc/arm-none-eabi/10.3.1/../../../arm-none-eabi/lib/thumb/v7e-m/nofp/libg.a(lib_a-fini.o)
 .debug_info    0x0000000000015b01      0xd10 /usr/lib/gcc/arm-none-eabi/10.3.1/../../../arm-none-eabi/lib/thumb/v7e-m/nofp/libg.a(lib_a-freer.o)
 .debug_info    0x0000000000016811      0x92a /usr/lib/gcc/arm-none-eabi/10.3.1/../../../arm-none-eabi/lib/thumb/v7e-m/nofp/libg.a(lib_a-impure.o)
 .debug_info    0x000000000001713b      0x11a /usr/lib/gcc/arm-none-eabi/10.3.1/../../../arm-none-eabi/lib/thumb/v7e-m/nofp/libg.a(lib_a-init.o)
 .debug_info    0x0000000000017255      0xe95 /usr/lib/gcc/arm-none-eabi/10.3.1/../../../arm-none-eabi/lib/thumb/v7e-m/nofp/libg.a(lib_a-mallocr.o)
 .debug_info    0x00000000000180ea      0x137 /usr/lib/gcc/arm-none-eabi/10.3.1/../../../arm-none-eabi/lib/thumb/v7e-m/nofp/libg.a(lib_a-memset.o)
 .debug_info    0x0000000000018221      0x942 /usr/lib/gcc/arm-none-eabi/10.3.1/../../../arm-none-eabi/lib/thumb/v7e-m/nofp/libg.a(lib_a-mlock.o)
 .debug_info    0x0000000000018b63      0xbda /usr/lib/gcc/arm-none-eabi/10.3.1/../../../arm-none-eabi/lib/thumb/v7e-m/nofp/libg.a(lib_a-reent.o)
 .debug_info    0x000000000001973d      0x98e /usr/lib/gcc/arm-none-eabi/10.3.1/../../../arm-none-eabi/lib/thumb/v7e-m/nofp/libg.a(lib_a-sbrkr.o)
 .debug_info    0x000000000001a0cb      0x9b0 /usr/lib/gcc/arm-none-eabi/10.3.1/../../../arm-none-eabi/lib/thumb/v7e-m/nofp/libg.a(lib_a-__atexit.o)
 .debug_info    0x000000000001aa7b      0xa3d /usr/lib/gcc/arm-none-eabi/10.3.1/../../../arm-none-eabi/lib/thumb/v7e-m/nofp/libg.a(lib_a-__call_atexit.o)

.debug_abbrev   0x0000000000000000     0x517e
 .debug_abbrev  0x0000000000000000      0x126 CMakeFiles/STM32_TFT.elf.dir/Core/Src/dma.c.obj
 .debug_abbrev  0x0000000000000126      0x14e CMakeFiles/STM32_TFT.elf.dir/Core/Src/gpio.c.obj
 .debug_abbrev  0x0000000000000274      0x2ef CMakeFiles/STM32_TFT.elf.dir/Core/Src/main.c.obj
 .debug_abbrev  0x0000000000000563      0x1db CMakeFiles/STM32_TFT.elf.dir/Core/Src/spi.c.obj
 .debug_abbrev  0x000000000000073e       0xf4 CMakeFiles/STM32_TFT.elf.dir/Core/Src/stm32f4xx_hal_msp.c.obj
 .debug_abbrev  0x0000000000000832      0x138 CMakeFiles/STM32_TFT.elf.dir/Core/Src/stm32f4xx_it.c.obj
 .debug_abbrev  0x000000000000096a       0xe7 CMakeFiles/STM32_TFT.elf.dir/Core/Src/sysmem.c.obj
 .debug_abbrev  0x0000000000000a51      0x119 CMakeFiles/STM32_TFT.elf.dir/Core/Src/system_stm32f4xx.c.obj
 .debug_abbrev  0x0000000000000b6a      0x1da CMakeFiles/STM32_TFT.elf.dir/Core/Src/usart.c.obj
 .debug_abbrev  0x0000000000000d44       0x12 CMakeFiles/STM32_TFT.elf.dir/Core/Startup/startup_stm32f401retx.s.obj
 .debug_abbrev  0x0000000000000d56      0x237 CMakeFiles/STM32_TFT.elf.dir/Drivers/STM32F4xx_HAL_Driver/Src/stm32f4xx_hal.c.obj
 .debug_abbrev  0x0000000000000f8d      0x36a CMakeFiles/STM32_TFT.elf.dir/Drivers/STM32F4xx_HAL_Driver/Src/stm32f4xx_hal_cortex.c.obj
 .debug_abbrev  0x00000000000012f7      0x282 CMakeFiles/STM32_TFT.elf.dir/Drivers/STM32F4xx_HAL_Driver/Src/stm32f4xx_hal_dma.c.obj
 .debug_abbrev  0x0000000000001579      0x1ef CMakeFiles/STM32_TFT.elf.dir/Drivers/STM32F4xx_HAL_Driver/Src/stm32f4xx_hal_gpio.c.obj
 .debug_abbrev  0x0000000000001768      0x28a CMakeFiles/STM32_TFT.elf.dir/Drivers/STM32F4xx_HAL_Driver/Src/stm32f4xx_hal_rcc.c.obj
 .debug_abbrev  0x00000000000019f2      0x24e CMakeFiles/STM32_TFT.elf.dir/Drivers/STM32F4xx_HAL_Driver/Src/stm32f4xx_hal_spi.c.obj
 .debug_abbrev  0x0000000000001c40      0x30e CMakeFiles/STM32_TFT.elf.dir/Drivers/STM32F4xx_HAL_Driver/Src/stm32f4xx_hal_uart.c.obj
 .debug_abbrev  0x0000000000001f4e      0x172 CMakeFiles/STM32_TFT.elf.dir/tft_lcd/src/hagl_hal.c.obj
 .debug_abbrev  0x00000000000020c0      0x269 CMakeFiles/STM32_TFT.elf.dir/tft_lcd/src/lcd.c.obj
 .debug_abbrev  0x0000000000002329      0x11d CMakeFiles/STM32_TFT.elf.dir/third_party/hagl/src/fontx.c.obj
 .debug_abbrev  0x0000000000002446      0x1c7 CMakeFiles/STM32_TFT.elf.dir/third_party/hagl/src/hagl.c.obj
 .debug_abbrev  0x000000000000260d      0x18a CMakeFiles/STM32_TFT.elf.dir/third_party/hagl/src/hagl_bitmap.c.obj
 .debug_abbrev  0x0000000000002797      0x178 CMakeFiles/STM32_TFT.elf.dir/third_party/hagl/src/hagl_blit.c.obj
 .debug_abbrev  0x000000000000290f      0x1f9 CMakeFiles/STM32_TFT.elf.dir/third_party/hagl/src/hagl_char.c.obj
 .debug_abbrev  0x0000000000002b08      0x184 CMakeFiles/STM32_TFT.elf.dir/third_party/hagl/src/hagl_clip.c.obj
 .debug_abbrev  0x0000000000002c8c      0x148 CMakeFiles/STM32_TFT.elf.dir/third_party/hagl/src/hagl_hline.c.obj
 .debug_abbrev  0x0000000000002dd4      0x144 CMakeFiles/STM32_TFT.elf.dir/third_party/hagl/src/hagl_line.c.obj
 .debug_abbrev  0x0000000000002f18      0x162 CMakeFiles/STM32_TFT.elf.dir/third_party/hagl/src/hagl_pixel.c.obj
 .debug_abbrev  0x000000000000307a      0x205 CMakeFiles/STM32_TFT.elf.dir/third_party/hagl/src/hagl_rectangle.c.obj
 .debug_abbrev  0x000000000000327f       0xe9 CMakeFiles/STM32_TFT.elf.dir/third_party/hagl/src/rgb565.c.obj
 .debug_abbrev  0x0000000000003368       0x14 /usr/lib/gcc/arm-none-eabi/10.3.1/thumb/v7e-m/nofp/libgcc.a(_aeabi_uldivmod.o)
 .debug_abbrev  0x000000000000337c      0x163 /usr/lib/gcc/arm-none-eabi/10.3.1/thumb/v7e-m/nofp/libgcc.a(_udivmoddi4.o)
 .debug_abbrev  0x00000000000034df       0x14 /usr/lib/gcc/arm-none-eabi/10.3.1/thumb/v7e-m/nofp/libgcc.a(_dvmd_tls.o)
 .debug_abbrev  0x00000000000034f3       0xb7 /usr/lib/gcc/arm-none-eabi/10.3.1/../../../arm-none-eabi/lib/thumb/v7e-m/nofp/libg.a(lib_a-atexit.o)
 .debug_abbrev  0x00000000000035aa      0x215 /usr/lib/gcc/arm-none-eabi/10.3.1/../../../arm-none-eabi/lib/thumb/v7e-m/nofp/libg.a(lib_a-calloc.o)
 .debug_abbrev  0x00000000000037bf      0x241 /usr/lib/gcc/arm-none-eabi/10.3.1/../../../arm-none-eabi/lib/thumb/v7e-m/nofp/libg.a(lib_a-callocr.o)
 .debug_abbrev  0x0000000000003a00      0x1be /usr/lib/gcc/arm-none-eabi/10.3.1/../../../arm-none-eabi/lib/thumb/v7e-m/nofp/libg.a(lib_a-errno.o)
 .debug_abbrev  0x0000000000003bbe       0xcf /usr/lib/gcc/arm-none-eabi/10.3.1/../../../arm-none-eabi/lib/thumb/v7e-m/nofp/libg.a(lib_a-fini.o)
 .debug_abbrev  0x0000000000003c8d      0x2b1 /usr/lib/gcc/arm-none-eabi/10.3.1/../../../arm-none-eabi/lib/thumb/v7e-m/nofp/libg.a(lib_a-freer.o)
 .debug_abbrev  0x0000000000003f3e      0x1b8 /usr/lib/gcc/arm-none-eabi/10.3.1/../../../arm-none-eabi/lib/thumb/v7e-m/nofp/libg.a(lib_a-impure.o)
 .debug_abbrev  0x00000000000040f6       0xcc /usr/lib/gcc/arm-none-eabi/10.3.1/../../../arm-none-eabi/lib/thumb/v7e-m/nofp/libg.a(lib_a-init.o)
 .debug_abbrev  0x00000000000041c2      0x2f6 /usr/lib/gcc/arm-none-eabi/10.3.1/../../../arm-none-eabi/lib/thumb/v7e-m/nofp/libg.a(lib_a-mallocr.o)
 .debug_abbrev  0x00000000000044b8       0xb4 /usr/lib/gcc/arm-none-eabi/10.3.1/../../../arm-none-eabi/lib/thumb/v7e-m/nofp/libg.a(lib_a-memset.o)
 .debug_abbrev  0x000000000000456c      0x1f0 /usr/lib/gcc/arm-none-eabi/10.3.1/../../../arm-none-eabi/lib/thumb/v7e-m/nofp/libg.a(lib_a-mlock.o)
 .debug_abbrev  0x000000000000475c      0x2f4 /usr/lib/gcc/arm-none-eabi/10.3.1/../../../arm-none-eabi/lib/thumb/v7e-m/nofp/libg.a(lib_a-reent.o)
 .debug_abbrev  0x0000000000004a50      0x23d /usr/lib/gcc/arm-none-eabi/10.3.1/../../../arm-none-eabi/lib/thumb/v7e-m/nofp/libg.a(lib_a-sbrkr.o)
 .debug_abbrev  0x0000000000004c8d      0x23f /usr/lib/gcc/arm-none-eabi/10.3.1/../../../arm-none-eabi/lib/thumb/v7e-m/nofp/libg.a(lib_a-__atexit.o)
 .debug_abbrev  0x0000000000004ecc      0x2b2 /usr/lib/gcc/arm-none-eabi/10.3.1/../../../arm-none-eabi/lib/thumb/v7e-m/nofp/libg.a(lib_a-__call_atexit.o)

.debug_aranges  0x0000000000000000      0xdb0
 .debug_aranges
                0x0000000000000000       0x20 CMakeFiles/STM32_TFT.elf.dir/Core/Src/dma.c.obj
 .debug_aranges
                0x0000000000000020       0x20 CMakeFiles/STM32_TFT.elf.dir/Core/Src/gpio.c.obj
 .debug_aranges
                0x0000000000000040       0x38 CMakeFiles/STM32_TFT.elf.dir/Core/Src/main.c.obj
 .debug_aranges
                0x0000000000000078       0x30 CMakeFiles/STM32_TFT.elf.dir/Core/Src/spi.c.obj
 .debug_aranges
                0x00000000000000a8       0x20 CMakeFiles/STM32_TFT.elf.dir/Core/Src/stm32f4xx_hal_msp.c.obj
 .debug_aranges
                0x00000000000000c8       0x68 CMakeFiles/STM32_TFT.elf.dir/Core/Src/stm32f4xx_it.c.obj
 .debug_aranges
                0x0000000000000130       0x20 CMakeFiles/STM32_TFT.elf.dir/Core/Src/sysmem.c.obj
 .debug_aranges
                0x0000000000000150       0x28 CMakeFiles/STM32_TFT.elf.dir/Core/Src/system_stm32f4xx.c.obj
 .debug_aranges
                0x0000000000000178       0x30 CMakeFiles/STM32_TFT.elf.dir/Core/Src/usart.c.obj
 .debug_aranges
                0x00000000000001a8       0x28 CMakeFiles/STM32_TFT.elf.dir/Core/Startup/startup_stm32f401retx.s.obj
 .debug_aranges
                0x00000000000001d0       0xf0 CMakeFiles/STM32_TFT.elf.dir/Drivers/STM32F4xx_HAL_Driver/Src/stm32f4xx_hal.c.obj
 .debug_aranges
                0x00000000000002c0       0xa8 CMakeFiles/STM32_TFT.elf.dir/Drivers/STM32F4xx_HAL_Driver/Src/stm32f4xx_hal_cortex.c.obj
 .debug_aranges
                0x0000000000000368       0x90 CMakeFiles/STM32_TFT.elf.dir/Drivers/STM32F4xx_HAL_Driver/Src/stm32f4xx_hal_dma.c.obj
 .debug_aranges
                0x00000000000003f8       0x58 CMakeFiles/STM32_TFT.elf.dir/Drivers/STM32F4xx_HAL_Driver/Src/stm32f4xx_hal_gpio.c.obj
 .debug_aranges
                0x0000000000000450       0x88 CMakeFiles/STM32_TFT.elf.dir/Drivers/STM32F4xx_HAL_Driver/Src/stm32f4xx_hal_rcc.c.obj
 .debug_aranges
                0x00000000000004d8      0x1d0 CMakeFiles/STM32_TFT.elf.dir/Drivers/STM32F4xx_HAL_Driver/Src/stm32f4xx_hal_spi.c.obj
 .debug_aranges
                0x00000000000006a8      0x200 CMakeFiles/STM32_TFT.elf.dir/Drivers/STM32F4xx_HAL_Driver/Src/stm32f4xx_hal_uart.c.obj
 .debug_aranges
                0x00000000000008a8       0x48 CMakeFiles/STM32_TFT.elf.dir/tft_lcd/src/hagl_hal.c.obj
 .debug_aranges
                0x00000000000008f0       0x80 CMakeFiles/STM32_TFT.elf.dir/tft_lcd/src/lcd.c.obj
 .debug_aranges
                0x0000000000000970       0x28 CMakeFiles/STM32_TFT.elf.dir/third_party/hagl/src/fontx.c.obj
 .debug_aranges
                0x0000000000000998       0x38 CMakeFiles/STM32_TFT.elf.dir/third_party/hagl/src/hagl.c.obj
 .debug_aranges
                0x00000000000009d0       0x50 CMakeFiles/STM32_TFT.elf.dir/third_party/hagl/src/hagl_bitmap.c.obj
 .debug_aranges
                0x0000000000000a20       0x28 CMakeFiles/STM32_TFT.elf.dir/third_party/hagl/src/hagl_blit.c.obj
 .debug_aranges
                0x0000000000000a48       0x30 CMakeFiles/STM32_TFT.elf.dir/third_party/hagl/src/hagl_char.c.obj
 .debug_aranges
                0x0000000000000a78       0x30 CMakeFiles/STM32_TFT.elf.dir/third_party/hagl/src/hagl_clip.c.obj
 .debug_aranges
                0x0000000000000aa8       0x20 CMakeFiles/STM32_TFT.elf.dir/third_party/hagl/src/hagl_hline.c.obj
 .debug_aranges
                0x0000000000000ac8       0x20 CMakeFiles/STM32_TFT.elf.dir/third_party/hagl/src/hagl_line.c.obj
 .debug_aranges
                0x0000000000000ae8       0x28 CMakeFiles/STM32_TFT.elf.dir/third_party/hagl/src/hagl_pixel.c.obj
 .debug_aranges
                0x0000000000000b10       0x38 CMakeFiles/STM32_TFT.elf.dir/third_party/hagl/src/hagl_rectangle.c.obj
 .debug_aranges
                0x0000000000000b48       0x28 CMakeFiles/STM32_TFT.elf.dir/third_party/hagl/src/rgb565.c.obj
 .debug_aranges
                0x0000000000000b70       0x20 /usr/lib/gcc/arm-none-eabi/10.3.1/thumb/v7e-m/nofp/libgcc.a(_aeabi_uldivmod.o)
 .debug_aranges
                0x0000000000000b90       0x20 /usr/lib/gcc/arm-none-eabi/10.3.1/thumb/v7e-m/nofp/libgcc.a(_udivmoddi4.o)
 .debug_aranges
                0x0000000000000bb0       0x20 /usr/lib/gcc/arm-none-eabi/10.3.1/thumb/v7e-m/nofp/libgcc.a(_dvmd_tls.o)
 .debug_aranges
                0x0000000000000bd0       0x20 /usr/lib/gcc/arm-none-eabi/10.3.1/../../../arm-none-eabi/lib/thumb/v7e-m/nofp/libg.a(lib_a-atexit.o)
 .debug_aranges
                0x0000000000000bf0       0x20 /usr/lib/gcc/arm-none-eabi/10.3.1/../../../arm-none-eabi/lib/thumb/v7e-m/nofp/libg.a(lib_a-calloc.o)
 .debug_aranges
                0x0000000000000c10       0x20 /usr/lib/gcc/arm-none-eabi/10.3.1/../../../arm-none-eabi/lib/thumb/v7e-m/nofp/libg.a(lib_a-callocr.o)
 .debug_aranges
                0x0000000000000c30       0x20 /usr/lib/gcc/arm-none-eabi/10.3.1/../../../arm-none-eabi/lib/thumb/v7e-m/nofp/libg.a(lib_a-errno.o)
 .debug_aranges
                0x0000000000000c50       0x20 /usr/lib/gcc/arm-none-eabi/10.3.1/../../../arm-none-eabi/lib/thumb/v7e-m/nofp/libg.a(lib_a-fini.o)
 .debug_aranges
                0x0000000000000c70       0x20 /usr/lib/gcc/arm-none-eabi/10.3.1/../../../arm-none-eabi/lib/thumb/v7e-m/nofp/libg.a(lib_a-freer.o)
 .debug_aranges
                0x0000000000000c90       0x18 /usr/lib/gcc/arm-none-eabi/10.3.1/../../../arm-none-eabi/lib/thumb/v7e-m/nofp/libg.a(lib_a-impure.o)
 .debug_aranges
                0x0000000000000ca8       0x20 /usr/lib/gcc/arm-none-eabi/10.3.1/../../../arm-none-eabi/lib/thumb/v7e-m/nofp/libg.a(lib_a-init.o)
 .debug_aranges
                0x0000000000000cc8       0x20 /usr/lib/gcc/arm-none-eabi/10.3.1/../../../arm-none-eabi/lib/thumb/v7e-m/nofp/libg.a(lib_a-mallocr.o)
 .debug_aranges
                0x0000000000000ce8       0x20 /usr/lib/gcc/arm-none-eabi/10.3.1/../../../arm-none-eabi/lib/thumb/v7e-m/nofp/libg.a(lib_a-memset.o)
 .debug_aranges
                0x0000000000000d08       0x20 /usr/lib/gcc/arm-none-eabi/10.3.1/../../../arm-none-eabi/lib/thumb/v7e-m/nofp/libg.a(lib_a-mlock.o)
 .debug_aranges
                0x0000000000000d28       0x20 /usr/lib/gcc/arm-none-eabi/10.3.1/../../../arm-none-eabi/lib/thumb/v7e-m/nofp/libg.a(lib_a-reent.o)
 .debug_aranges
                0x0000000000000d48       0x20 /usr/lib/gcc/arm-none-eabi/10.3.1/../../../arm-none-eabi/lib/thumb/v7e-m/nofp/libg.a(lib_a-sbrkr.o)
 .debug_aranges
                0x0000000000000d68       0x20 /usr/lib/gcc/arm-none-eabi/10.3.1/../../../arm-none-eabi/lib/thumb/v7e-m/nofp/libg.a(lib_a-__atexit.o)
 .debug_aranges
                0x0000000000000d88       0x28 /usr/lib/gcc/arm-none-eabi/10.3.1/../../../arm-none-eabi/lib/thumb/v7e-m/nofp/libg.a(lib_a-__call_atexit.o)

.debug_ranges   0x0000000000000000      0xd78
 .debug_ranges  0x0000000000000000       0x10 CMakeFiles/STM32_TFT.elf.dir/Core/Src/dma.c.obj
 .debug_ranges  0x0000000000000010       0x10 CMakeFiles/STM32_TFT.elf.dir/Core/Src/gpio.c.obj
 .debug_ranges  0x0000000000000020       0x40 CMakeFiles/STM32_TFT.elf.dir/Core/Src/main.c.obj
 .debug_ranges  0x0000000000000060       0x20 CMakeFiles/STM32_TFT.elf.dir/Core/Src/spi.c.obj
 .debug_ranges  0x0000000000000080       0x10 CMakeFiles/STM32_TFT.elf.dir/Core/Src/stm32f4xx_hal_msp.c.obj
 .debug_ranges  0x0000000000000090       0x58 CMakeFiles/STM32_TFT.elf.dir/Core/Src/stm32f4xx_it.c.obj
 .debug_ranges  0x00000000000000e8       0x10 CMakeFiles/STM32_TFT.elf.dir/Core/Src/sysmem.c.obj
 .debug_ranges  0x00000000000000f8       0x18 CMakeFiles/STM32_TFT.elf.dir/Core/Src/system_stm32f4xx.c.obj
 .debug_ranges  0x0000000000000110       0x20 CMakeFiles/STM32_TFT.elf.dir/Core/Src/usart.c.obj
 .debug_ranges  0x0000000000000130       0x20 CMakeFiles/STM32_TFT.elf.dir/Core/Startup/startup_stm32f401retx.s.obj
 .debug_ranges  0x0000000000000150       0xe0 CMakeFiles/STM32_TFT.elf.dir/Drivers/STM32F4xx_HAL_Driver/Src/stm32f4xx_hal.c.obj
 .debug_ranges  0x0000000000000230       0xf8 CMakeFiles/STM32_TFT.elf.dir/Drivers/STM32F4xx_HAL_Driver/Src/stm32f4xx_hal_cortex.c.obj
 .debug_ranges  0x0000000000000328       0x80 CMakeFiles/STM32_TFT.elf.dir/Drivers/STM32F4xx_HAL_Driver/Src/stm32f4xx_hal_dma.c.obj
 .debug_ranges  0x00000000000003a8       0x48 CMakeFiles/STM32_TFT.elf.dir/Drivers/STM32F4xx_HAL_Driver/Src/stm32f4xx_hal_gpio.c.obj
 .debug_ranges  0x00000000000003f0       0x90 CMakeFiles/STM32_TFT.elf.dir/Drivers/STM32F4xx_HAL_Driver/Src/stm32f4xx_hal_rcc.c.obj
 .debug_ranges  0x0000000000000480      0x1c0 CMakeFiles/STM32_TFT.elf.dir/Drivers/STM32F4xx_HAL_Driver/Src/stm32f4xx_hal_spi.c.obj
 .debug_ranges  0x0000000000000640      0x208 CMakeFiles/STM32_TFT.elf.dir/Drivers/STM32F4xx_HAL_Driver/Src/stm32f4xx_hal_uart.c.obj
 .debug_ranges  0x0000000000000848       0x38 CMakeFiles/STM32_TFT.elf.dir/tft_lcd/src/hagl_hal.c.obj
 .debug_ranges  0x0000000000000880       0x70 CMakeFiles/STM32_TFT.elf.dir/tft_lcd/src/lcd.c.obj
 .debug_ranges  0x00000000000008f0       0x18 CMakeFiles/STM32_TFT.elf.dir/third_party/hagl/src/fontx.c.obj
 .debug_ranges  0x0000000000000908       0x28 CMakeFiles/STM32_TFT.elf.dir/third_party/hagl/src/hagl.c.obj
 .debug_ranges  0x0000000000000930       0xe8 CMakeFiles/STM32_TFT.elf.dir/third_party/hagl/src/hagl_bitmap.c.obj
 .debug_ranges  0x0000000000000a18       0x60 CMakeFiles/STM32_TFT.elf.dir/third_party/hagl/src/hagl_blit.c.obj
 .debug_ranges  0x0000000000000a78       0x68 CMakeFiles/STM32_TFT.elf.dir/third_party/hagl/src/hagl_char.c.obj
 .debug_ranges  0x0000000000000ae0       0x38 CMakeFiles/STM32_TFT.elf.dir/third_party/hagl/src/hagl_clip.c.obj
 .debug_ranges  0x0000000000000b18       0x10 CMakeFiles/STM32_TFT.elf.dir/third_party/hagl/src/hagl_hline.c.obj
 .debug_ranges  0x0000000000000b28       0x10 CMakeFiles/STM32_TFT.elf.dir/third_party/hagl/src/hagl_line.c.obj
 .debug_ranges  0x0000000000000b38       0x18 CMakeFiles/STM32_TFT.elf.dir/third_party/hagl/src/hagl_pixel.c.obj
 .debug_ranges  0x0000000000000b50       0x28 CMakeFiles/STM32_TFT.elf.dir/third_party/hagl/src/hagl_rectangle.c.obj
 .debug_ranges  0x0000000000000b78       0x18 CMakeFiles/STM32_TFT.elf.dir/third_party/hagl/src/rgb565.c.obj
 .debug_ranges  0x0000000000000b90       0xe8 /usr/lib/gcc/arm-none-eabi/10.3.1/thumb/v7e-m/nofp/libgcc.a(_udivmoddi4.o)
 .debug_ranges  0x0000000000000c78       0x48 /usr/lib/gcc/arm-none-eabi/10.3.1/../../../arm-none-eabi/lib/thumb/v7e-m/nofp/libg.a(lib_a-callocr.o)
 .debug_ranges  0x0000000000000cc0       0x50 /usr/lib/gcc/arm-none-eabi/10.3.1/../../../arm-none-eabi/lib/thumb/v7e-m/nofp/libg.a(lib_a-mallocr.o)
 .debug_ranges  0x0000000000000d10       0x18 /usr/lib/gcc/arm-none-eabi/10.3.1/../../../arm-none-eabi/lib/thumb/v7e-m/nofp/libg.a(lib_a-reent.o)
 .debug_ranges  0x0000000000000d28       0x50 /usr/lib/gcc/arm-none-eabi/10.3.1/../../../arm-none-eabi/lib/thumb/v7e-m/nofp/libg.a(lib_a-__call_atexit.o)

.debug_line     0x0000000000000000    0x10594
 .debug_line    0x0000000000000000      0x166 CMakeFiles/STM32_TFT.elf.dir/Core/Src/dma.c.obj
 .debug_line    0x0000000000000166      0x225 CMakeFiles/STM32_TFT.elf.dir/Core/Src/gpio.c.obj
 .debug_line    0x000000000000038b      0x6ae CMakeFiles/STM32_TFT.elf.dir/Core/Src/main.c.obj
 .debug_line    0x0000000000000a39      0x37c CMakeFiles/STM32_TFT.elf.dir/Core/Src/spi.c.obj
 .debug_line    0x0000000000000db5      0x179 CMakeFiles/STM32_TFT.elf.dir/Core/Src/stm32f4xx_hal_msp.c.obj
 .debug_line    0x0000000000000f2e      0x29b CMakeFiles/STM32_TFT.elf.dir/Core/Src/stm32f4xx_it.c.obj
 .debug_line    0x00000000000011c9      0x11d CMakeFiles/STM32_TFT.elf.dir/Core/Src/sysmem.c.obj
 .debug_line    0x00000000000012e6      0x1e2 CMakeFiles/STM32_TFT.elf.dir/Core/Src/system_stm32f4xx.c.obj
 .debug_line    0x00000000000014c8      0x2c5 CMakeFiles/STM32_TFT.elf.dir/Core/Src/usart.c.obj
 .debug_line    0x000000000000178d       0xa9 CMakeFiles/STM32_TFT.elf.dir/Core/Startup/startup_stm32f401retx.s.obj
 .debug_line    0x0000000000001836      0x56c CMakeFiles/STM32_TFT.elf.dir/Drivers/STM32F4xx_HAL_Driver/Src/stm32f4xx_hal.c.obj
 .debug_line    0x0000000000001da2      0x77f CMakeFiles/STM32_TFT.elf.dir/Drivers/STM32F4xx_HAL_Driver/Src/stm32f4xx_hal_cortex.c.obj
 .debug_line    0x0000000000002521      0xe08 CMakeFiles/STM32_TFT.elf.dir/Drivers/STM32F4xx_HAL_Driver/Src/stm32f4xx_hal_dma.c.obj
 .debug_line    0x0000000000003329      0x6a6 CMakeFiles/STM32_TFT.elf.dir/Drivers/STM32F4xx_HAL_Driver/Src/stm32f4xx_hal_gpio.c.obj
 .debug_line    0x00000000000039cf      0xaf3 CMakeFiles/STM32_TFT.elf.dir/Drivers/STM32F4xx_HAL_Driver/Src/stm32f4xx_hal_rcc.c.obj
 .debug_line    0x00000000000044c2     0x24cc CMakeFiles/STM32_TFT.elf.dir/Drivers/STM32F4xx_HAL_Driver/Src/stm32f4xx_hal_spi.c.obj
 .debug_line    0x000000000000698e     0x45f5 CMakeFiles/STM32_TFT.elf.dir/Drivers/STM32F4xx_HAL_Driver/Src/stm32f4xx_hal_uart.c.obj
 .debug_line    0x000000000000af83      0x2dc CMakeFiles/STM32_TFT.elf.dir/tft_lcd/src/hagl_hal.c.obj
 .debug_line    0x000000000000b25f      0x439 CMakeFiles/STM32_TFT.elf.dir/tft_lcd/src/lcd.c.obj
 .debug_line    0x000000000000b698      0x23d CMakeFiles/STM32_TFT.elf.dir/third_party/hagl/src/fontx.c.obj
 .debug_line    0x000000000000b8d5      0x2c5 CMakeFiles/STM32_TFT.elf.dir/third_party/hagl/src/hagl.c.obj
 .debug_line    0x000000000000bb9a      0x7ff CMakeFiles/STM32_TFT.elf.dir/third_party/hagl/src/hagl_bitmap.c.obj
 .debug_line    0x000000000000c399      0x415 CMakeFiles/STM32_TFT.elf.dir/third_party/hagl/src/hagl_blit.c.obj
 .debug_line    0x000000000000c7ae      0x492 CMakeFiles/STM32_TFT.elf.dir/third_party/hagl/src/hagl_char.c.obj
 .debug_line    0x000000000000cc40      0x38c CMakeFiles/STM32_TFT.elf.dir/third_party/hagl/src/hagl_clip.c.obj
 .debug_line    0x000000000000cfcc      0x207 CMakeFiles/STM32_TFT.elf.dir/third_party/hagl/src/hagl_hline.c.obj
 .debug_line    0x000000000000d1d3      0x24d CMakeFiles/STM32_TFT.elf.dir/third_party/hagl/src/hagl_line.c.obj
 .debug_line    0x000000000000d420      0x23d CMakeFiles/STM32_TFT.elf.dir/third_party/hagl/src/hagl_pixel.c.obj
 .debug_line    0x000000000000d65d      0x66f CMakeFiles/STM32_TFT.elf.dir/third_party/hagl/src/hagl_rectangle.c.obj
 .debug_line    0x000000000000dccc      0x190 CMakeFiles/STM32_TFT.elf.dir/third_party/hagl/src/rgb565.c.obj
 .debug_line    0x000000000000de5c       0x60 /usr/lib/gcc/arm-none-eabi/10.3.1/thumb/v7e-m/nofp/libgcc.a(_aeabi_uldivmod.o)
 .debug_line    0x000000000000debc      0x5b4 /usr/lib/gcc/arm-none-eabi/10.3.1/thumb/v7e-m/nofp/libgcc.a(_udivmoddi4.o)
 .debug_line    0x000000000000e470       0x60 /usr/lib/gcc/arm-none-eabi/10.3.1/thumb/v7e-m/nofp/libgcc.a(_dvmd_tls.o)
 .debug_line    0x000000000000e4d0       0xc0 /usr/lib/gcc/arm-none-eabi/10.3.1/../../../arm-none-eabi/lib/thumb/v7e-m/nofp/libg.a(lib_a-atexit.o)
 .debug_line    0x000000000000e590      0x150 /usr/lib/gcc/arm-none-eabi/10.3.1/../../../arm-none-eabi/lib/thumb/v7e-m/nofp/libg.a(lib_a-calloc.o)
 .debug_line    0x000000000000e6e0      0x1ac /usr/lib/gcc/arm-none-eabi/10.3.1/../../../arm-none-eabi/lib/thumb/v7e-m/nofp/libg.a(lib_a-callocr.o)
 .debug_line    0x000000000000e88c      0x109 /usr/lib/gcc/arm-none-eabi/10.3.1/../../../arm-none-eabi/lib/thumb/v7e-m/nofp/libg.a(lib_a-errno.o)
 .debug_line    0x000000000000e995       0xed /usr/lib/gcc/arm-none-eabi/10.3.1/../../../arm-none-eabi/lib/thumb/v7e-m/nofp/libg.a(lib_a-fini.o)
 .debug_line    0x000000000000ea82      0x4fb /usr/lib/gcc/arm-none-eabi/10.3.1/../../../arm-none-eabi/lib/thumb/v7e-m/nofp/libg.a(lib_a-freer.o)
 .debug_line    0x000000000000ef7d       0xe4 /usr/lib/gcc/arm-none-eabi/10.3.1/../../../arm-none-eabi/lib/thumb/v7e-m/nofp/libg.a(lib_a-impure.o)
 .debug_line    0x000000000000f061      0x138 /usr/lib/gcc/arm-none-eabi/10.3.1/../../../arm-none-eabi/lib/thumb/v7e-m/nofp/libg.a(lib_a-init.o)
 .debug_line    0x000000000000f199      0x8bc /usr/lib/gcc/arm-none-eabi/10.3.1/../../../arm-none-eabi/lib/thumb/v7e-m/nofp/libg.a(lib_a-mallocr.o)
 .debug_line    0x000000000000fa55      0x1bf /usr/lib/gcc/arm-none-eabi/10.3.1/../../../arm-none-eabi/lib/thumb/v7e-m/nofp/libg.a(lib_a-memset.o)
 .debug_line    0x000000000000fc14      0x13e /usr/lib/gcc/arm-none-eabi/10.3.1/../../../arm-none-eabi/lib/thumb/v7e-m/nofp/libg.a(lib_a-mlock.o)
 .debug_line    0x000000000000fd52      0x28d /usr/lib/gcc/arm-none-eabi/10.3.1/../../../arm-none-eabi/lib/thumb/v7e-m/nofp/libg.a(lib_a-reent.o)
 .debug_line    0x000000000000ffdf      0x183 /usr/lib/gcc/arm-none-eabi/10.3.1/../../../arm-none-eabi/lib/thumb/v7e-m/nofp/libg.a(lib_a-sbrkr.o)
 .debug_line    0x0000000000010162      0x19e /usr/lib/gcc/arm-none-eabi/10.3.1/../../../arm-none-eabi/lib/thumb/v7e-m/nofp/libg.a(lib_a-__atexit.o)
 .debug_line    0x0000000000010300      0x294 /usr/lib/gcc/arm-none-eabi/10.3.1/../../../arm-none-eabi/lib/thumb/v7e-m/nofp/libg.a(lib_a-__call_atexit.o)

.debug_str      0x0000000000000000     0x46b5
 .debug_str     0x0000000000000000      0x65a CMakeFiles/STM32_TFT.elf.dir/Core/Src/dma.c.obj
                                        0x69c (size before relaxing)
 .debug_str     0x000000000000065a       0xe5 CMakeFiles/STM32_TFT.elf.dir/Core/Src/gpio.c.obj
                                        0x39c (size before relaxing)
 .debug_str     0x000000000000073f      0x777 CMakeFiles/STM32_TFT.elf.dir/Core/Src/main.c.obj
                                        0xb0b (size before relaxing)
 .debug_str     0x0000000000000eb6       0xa5 CMakeFiles/STM32_TFT.elf.dir/Core/Src/spi.c.obj
                                        0x844 (size before relaxing)
 .debug_str     0x0000000000000f5b       0x6a CMakeFiles/STM32_TFT.elf.dir/Core/Src/stm32f4xx_hal_msp.c.obj
                                        0x313 (size before relaxing)
 .debug_str     0x0000000000000fc5      0x103 CMakeFiles/STM32_TFT.elf.dir/Core/Src/stm32f4xx_it.c.obj
                                        0x4f0 (size before relaxing)
 .debug_str     0x00000000000010c8       0x9e CMakeFiles/STM32_TFT.elf.dir/Core/Src/sysmem.c.obj
                                        0x244 (size before relaxing)
 .debug_str     0x0000000000001166       0xa8 CMakeFiles/STM32_TFT.elf.dir/Core/Src/system_stm32f4xx.c.obj
                                        0x352 (size before relaxing)
 .debug_str     0x000000000000120e      0x1e9 CMakeFiles/STM32_TFT.elf.dir/Core/Src/usart.c.obj
                                        0x822 (size before relaxing)
 .debug_str     0x00000000000013f7       0x55 CMakeFiles/STM32_TFT.elf.dir/Core/Startup/startup_stm32f401retx.s.obj
                                         0x8b (size before relaxing)
 .debug_str     0x000000000000144c      0x351 CMakeFiles/STM32_TFT.elf.dir/Drivers/STM32F4xx_HAL_Driver/Src/stm32f4xx_hal.c.obj
                                        0xa33 (size before relaxing)
 .debug_str     0x000000000000179d      0x4b6 CMakeFiles/STM32_TFT.elf.dir/Drivers/STM32F4xx_HAL_Driver/Src/stm32f4xx_hal_cortex.c.obj
                                        0xadf (size before relaxing)
 .debug_str     0x0000000000001c53      0x2fd CMakeFiles/STM32_TFT.elf.dir/Drivers/STM32F4xx_HAL_Driver/Src/stm32f4xx_hal_dma.c.obj
                                        0x795 (size before relaxing)
 .debug_str     0x0000000000001f50      0x149 CMakeFiles/STM32_TFT.elf.dir/Drivers/STM32F4xx_HAL_Driver/Src/stm32f4xx_hal_gpio.c.obj
                                        0x506 (size before relaxing)
 .debug_str     0x0000000000002099      0x1c3 CMakeFiles/STM32_TFT.elf.dir/Drivers/STM32F4xx_HAL_Driver/Src/stm32f4xx_hal_rcc.c.obj
                                        0x721 (size before relaxing)
 .debug_str     0x000000000000225c      0x538 CMakeFiles/STM32_TFT.elf.dir/Drivers/STM32F4xx_HAL_Driver/Src/stm32f4xx_hal_spi.c.obj
                                        0xc0e (size before relaxing)
 .debug_str     0x0000000000002794      0x60f CMakeFiles/STM32_TFT.elf.dir/Drivers/STM32F4xx_HAL_Driver/Src/stm32f4xx_hal_uart.c.obj
                                        0xd62 (size before relaxing)
 .debug_str     0x0000000000002da3       0x85 CMakeFiles/STM32_TFT.elf.dir/tft_lcd/src/hagl_hal.c.obj
                                        0x2e5 (size before relaxing)
 .debug_str     0x0000000000002e28       0xb0 CMakeFiles/STM32_TFT.elf.dir/tft_lcd/src/lcd.c.obj
                                        0x78a (size before relaxing)
 .debug_str     0x0000000000002ed8       0x91 CMakeFiles/STM32_TFT.elf.dir/third_party/hagl/src/fontx.c.obj
                                        0x26d (size before relaxing)
 .debug_str     0x0000000000002f69       0xaf CMakeFiles/STM32_TFT.elf.dir/third_party/hagl/src/hagl.c.obj
                                        0x38a (size before relaxing)
 .debug_str     0x0000000000003018       0xa2 CMakeFiles/STM32_TFT.elf.dir/third_party/hagl/src/hagl_bitmap.c.obj
                                        0x2f1 (size before relaxing)
 .debug_str     0x00000000000030ba       0x70 CMakeFiles/STM32_TFT.elf.dir/third_party/hagl/src/hagl_blit.c.obj
                                        0x2d1 (size before relaxing)
 .debug_str     0x000000000000312a       0x7c CMakeFiles/STM32_TFT.elf.dir/third_party/hagl/src/hagl_char.c.obj
                                        0x376 (size before relaxing)
 .debug_str     0x00000000000031a6       0x86 CMakeFiles/STM32_TFT.elf.dir/third_party/hagl/src/hagl_clip.c.obj
                                        0x2f0 (size before relaxing)
 .debug_str     0x000000000000322c       0x69 CMakeFiles/STM32_TFT.elf.dir/third_party/hagl/src/hagl_hline.c.obj
                                        0x2b3 (size before relaxing)
 .debug_str     0x0000000000003295       0x45 CMakeFiles/STM32_TFT.elf.dir/third_party/hagl/src/hagl_line.c.obj
                                        0x2cd (size before relaxing)
 .debug_str     0x00000000000032da       0x60 CMakeFiles/STM32_TFT.elf.dir/third_party/hagl/src/hagl_pixel.c.obj
                                        0x2b9 (size before relaxing)
 .debug_str     0x000000000000333a       0xd9 CMakeFiles/STM32_TFT.elf.dir/third_party/hagl/src/hagl_rectangle.c.obj
                                        0x370 (size before relaxing)
 .debug_str     0x0000000000003413       0x5f CMakeFiles/STM32_TFT.elf.dir/third_party/hagl/src/rgb565.c.obj
                                        0x1fd (size before relaxing)
 .debug_str     0x0000000000003472       0xa3 /usr/lib/gcc/arm-none-eabi/10.3.1/thumb/v7e-m/nofp/libgcc.a(_aeabi_uldivmod.o)
 .debug_str     0x0000000000003515      0x541 /usr/lib/gcc/arm-none-eabi/10.3.1/thumb/v7e-m/nofp/libgcc.a(_udivmoddi4.o)
                                        0x641 (size before relaxing)
 .debug_str     0x0000000000003a56       0x30 /usr/lib/gcc/arm-none-eabi/10.3.1/thumb/v7e-m/nofp/libgcc.a(_dvmd_tls.o)
                                         0xa7 (size before relaxing)
 .debug_str     0x0000000000003a86      0x142 /usr/lib/gcc/arm-none-eabi/10.3.1/../../../arm-none-eabi/lib/thumb/v7e-m/nofp/libg.a(lib_a-atexit.o)
                                        0x1de (size before relaxing)
 .debug_str     0x0000000000003bc8      0x3bd /usr/lib/gcc/arm-none-eabi/10.3.1/../../../arm-none-eabi/lib/thumb/v7e-m/nofp/libg.a(lib_a-calloc.o)
                                        0x57c (size before relaxing)
 .debug_str     0x0000000000003f85       0x79 /usr/lib/gcc/arm-none-eabi/10.3.1/../../../arm-none-eabi/lib/thumb/v7e-m/nofp/libg.a(lib_a-callocr.o)
                                        0x5b5 (size before relaxing)
 .debug_str     0x0000000000003ffe       0x8b /usr/lib/gcc/arm-none-eabi/10.3.1/../../../arm-none-eabi/lib/thumb/v7e-m/nofp/libg.a(lib_a-errno.o)
                                        0x564 (size before relaxing)
 .debug_str     0x0000000000004089       0xbe /usr/lib/gcc/arm-none-eabi/10.3.1/../../../arm-none-eabi/lib/thumb/v7e-m/nofp/libg.a(lib_a-fini.o)
                                        0x1d6 (size before relaxing)
 .debug_str     0x0000000000004147      0x11a /usr/lib/gcc/arm-none-eabi/10.3.1/../../../arm-none-eabi/lib/thumb/v7e-m/nofp/libg.a(lib_a-freer.o)
                                        0x6cb (size before relaxing)
 .debug_str     0x0000000000004261       0xab /usr/lib/gcc/arm-none-eabi/10.3.1/../../../arm-none-eabi/lib/thumb/v7e-m/nofp/libg.a(lib_a-impure.o)
                                        0x57c (size before relaxing)
 .debug_str     0x000000000000430c       0x90 /usr/lib/gcc/arm-none-eabi/10.3.1/../../../arm-none-eabi/lib/thumb/v7e-m/nofp/libg.a(lib_a-init.o)
                                        0x200 (size before relaxing)
 .debug_str     0x000000000000439c       0xdf /usr/lib/gcc/arm-none-eabi/10.3.1/../../../arm-none-eabi/lib/thumb/v7e-m/nofp/libg.a(lib_a-mallocr.o)
                                        0x781 (size before relaxing)
 .debug_str     0x000000000000447b       0x9b /usr/lib/gcc/arm-none-eabi/10.3.1/../../../arm-none-eabi/lib/thumb/v7e-m/nofp/libg.a(lib_a-memset.o)
                                        0x1b5 (size before relaxing)
 .debug_str     0x0000000000004516       0x4c /usr/lib/gcc/arm-none-eabi/10.3.1/../../../arm-none-eabi/lib/thumb/v7e-m/nofp/libg.a(lib_a-mlock.o)
                                        0x589 (size before relaxing)
 .debug_str     0x0000000000004562       0x5e /usr/lib/gcc/arm-none-eabi/10.3.1/../../../arm-none-eabi/lib/thumb/v7e-m/nofp/libg.a(lib_a-reent.o)
                                        0x59b (size before relaxing)
 .debug_str     0x00000000000045c0       0x32 /usr/lib/gcc/arm-none-eabi/10.3.1/../../../arm-none-eabi/lib/thumb/v7e-m/nofp/libg.a(lib_a-sbrkr.o)
                                        0x573 (size before relaxing)
 .debug_str     0x00000000000045f2       0x36 /usr/lib/gcc/arm-none-eabi/10.3.1/../../../arm-none-eabi/lib/thumb/v7e-m/nofp/libg.a(lib_a-__atexit.o)
                                        0x5b6 (size before relaxing)
 .debug_str     0x0000000000004628       0x8d /usr/lib/gcc/arm-none-eabi/10.3.1/../../../arm-none-eabi/lib/thumb/v7e-m/nofp/libg.a(lib_a-__call_atexit.o)
                                        0x5e2 (size before relaxing)

.debug_frame    0x0000000000000000     0x1fc8
 .debug_frame   0x0000000000000000       0x2c CMakeFiles/STM32_TFT.elf.dir/Core/Src/dma.c.obj
 .debug_frame   0x000000000000002c       0x38 CMakeFiles/STM32_TFT.elf.dir/Core/Src/gpio.c.obj
 .debug_frame   0x0000000000000064       0x78 CMakeFiles/STM32_TFT.elf.dir/Core/Src/main.c.obj
 .debug_frame   0x00000000000000dc       0x6c CMakeFiles/STM32_TFT.elf.dir/Core/Src/spi.c.obj
 .debug_frame   0x0000000000000148       0x2c CMakeFiles/STM32_TFT.elf.dir/Core/Src/stm32f4xx_hal_msp.c.obj
 .debug_frame   0x0000000000000174       0xc0 CMakeFiles/STM32_TFT.elf.dir/Core/Src/stm32f4xx_it.c.obj
 .debug_frame   0x0000000000000234       0x28 CMakeFiles/STM32_TFT.elf.dir/Core/Src/sysmem.c.obj
 .debug_frame   0x000000000000025c       0x30 CMakeFiles/STM32_TFT.elf.dir/Core/Src/system_stm32f4xx.c.obj
 .debug_frame   0x000000000000028c       0x60 CMakeFiles/STM32_TFT.elf.dir/Core/Src/usart.c.obj